
================================================================================
[2026-04-13 00:44:08] Attempt 1 | robust_foolsgold=0
CMD: /Users/kausthubhkonuru/School/DistML/AdversarialFedLearning/quickstart-pytorch/.venv/bin/flwr run . --stream --federation-config num-supernodes=10 --run-config attack-mode=1 defense-method=3 num-malicious-nodes=4 active-malicious-nodes-per-round=2 num-server-rounds=40 fraction-train=0.6 fraction-evaluate=1.0 local-epochs=2 learning-rate=0.01 batch-size=64 target-label=0 poison-fraction=0.12 trigger-size=3 scale-factor=1.3 metrics-csv='results/model-replacement-foolsgold.csv'
🎊 Successfully started run 251469270977051096
[92mINFO [0m:      Starting logstream for run_id `251469270977051096`
[92mINFO [0m:      Starting Flower Simulation
Successfully installed quickstart-pytorch to /Users/kausthubhkonuru/.flwr/apps/flwrlabs.quickstart-pytorch.1.0.1.284b1ce5.
/Users/kausthubhkonuru/School/DistML/AdversarialFedLearning/quickstart-pytorch/.venv/lib/python3.11/site-packages/ray/_private/worker.py:2051: FutureWarning: Tip: In future versions of Ray, Ray will no longer override accelerator visible devices env var if num_gpus=0 or num_gpus=None (default). To enable this behavior and turn off this error message, set RAY_ACCEL_ENV_VAR_OVERRIDE_ON_ZERO=0
  warnings.warn(
[92mINFO [0m:      Starting FedAvg strategy:
[92mINFO [0m:      	├── Number of rounds: 40
[92mINFO [0m:      	├── ArrayRecord (532.58 MB)
[92mINFO [0m:      	├── ConfigRecord (train): {'lr': 0.01, 'attack-mode': 1, 'target-label': 0, 'poison-fraction': 0.12, 'trigger-size': 3, 'scale-factor': 1.3}
[92mINFO [0m:      	├── ConfigRecord (evaluate): (empty!)
[92mINFO [0m:      	├──> Sampling:
[92mINFO [0m:      	│	├──Fraction: train (0.60) | evaluate ( 1.00)
[92mINFO [0m:      	│	├──Minimum nodes: train (2) | evaluate (2)
[92mINFO [0m:      	│	└──Minimum available nodes: 2
[92mINFO [0m:      	└──> Keys in records:
[92mINFO [0m:      		├── Weighted by: 'num-examples'
[92mINFO [0m:      		├── ArrayRecord key: 'arrays'
[92mINFO [0m:      		└── ConfigRecord key: 'config'
[92mINFO [0m:      
Warning: You are sending unauthenticated requests to the HF Hub. Please set a HF_TOKEN to enable higher rate limits and faster downloads.
[92mINFO [0m:      Initial global evaluation results: {'accuracy': 0.0968, 'loss': 2.3029555127590515, 'poisoned_accuracy': 0.6652433817250214, 'poisoned_loss': 2.283137240234753, 'attack_success_rate': 0.6823751178133836, 'poisoned_examples': 1171}
[92mINFO [0m:      
[92mINFO [0m:      [ROUND 1/40]
[92mINFO [0m:      configure_train: Sampled 6 nodes (out of 10)
[36m(ClientAppActor pid=58803)[0m Warning: You are sending unauthenticated requests to the HF Hub. Please set a HF_TOKEN to enable higher rate limits and faster downloads.
[36m(pid=gcs_server)[0m [2026-04-13 00:44:41,929 E 58780 2338404] (gcs_server) gcs_server.cc:302: Failed to establish connection to the event+metrics exporter agent. Events and metrics will not be exported. Exporter agent status: RpcError: Running out of retries to initialize the metrics agent. rpc_code: 14
[36m(ClientAppActor pid=58804)[0m Warning: You are sending unauthenticated requests to the HF Hub. Please set a HF_TOKEN to enable higher rate limits and faster downloads.[32m [repeated 4x across cluster] (Ray deduplicates logs by default. Set RAY_DEDUP_LOGS=0 to disable log deduplication, or see https://docs.ray.io/en/master/ray-observability/user-guides/configure-logging.html#log-deduplication for more options.)[0m
[33m(raylet)[0m [2026-04-13 00:44:42,463 E 58784 2338688] (raylet) main.cc:975: Failed to establish connection to the metrics exporter agent. Metrics will not be exported. Exporter agent status: RpcError: Running out of retries to initialize the metrics agent. rpc_code: 14
[36m(ClientAppActor pid=58808)[0m [2026-04-13 00:44:43,305 E 58808 2340140] core_worker_process.cc:825: Failed to establish connection to the metrics exporter agent. Metrics will not be exported. Exporter agent status: RpcError: Running out of retries to initialize the metrics agent. rpc_code: 14
[92mINFO [0m:      aggregate_train: Received 6 results and 0 failures
[92mINFO [0m:      	└──> Aggregated MetricRecord: {'train_loss': 1.9082389800347677, 'nonfinite_updates_filtered': 0, 'foolsgold_mean_weight': 0.16666666666666666, 'foolsgold_weight_std': 0.18400138133577215, 'foolsgold_weight_min': 0.050819346680946266, 'foolsgold_weight_max': 0.5734160482091207, 'foolsgold_robust': 0, 'foolsgold_weight_entropy': 1.3410961223055446}
[92mINFO [0m:      configure_evaluate: Sampled 10 nodes (out of 10)
[36m(ClientAppActor pid=58806)[0m Warning: You are sending unauthenticated requests to the HF Hub. Please set a HF_TOKEN to enable higher rate limits and faster downloads.
[36m(ClientAppActor pid=58804)[0m [2026-04-13 00:44:43,398 E 58804 2340261] core_worker_process.cc:825: Failed to establish connection to the metrics exporter agent. Metrics will not be exported. Exporter agent status: RpcError: Running out of retries to initialize the metrics agent. rpc_code: 14[32m [repeated 7x across cluster][0m
[36m(ClientAppActor pid=58805)[0m Warning: You are sending unauthenticated requests to the HF Hub. Please set a HF_TOKEN to enable higher rate limits and faster downloads.
[92mINFO [0m:      aggregate_evaluate: Received 10 results and 0 failures
[92mINFO [0m:      	└──> Aggregated MetricRecord: {'eval_loss': 2.3526854058420277, 'eval_acc': 0.09665167416291855}
[92mINFO [0m:      Global evaluation
[92mINFO [0m:      	└──> MetricRecord: {'accuracy': 0.1, 'loss': 2.3512591651723356, 'poisoned_accuracy': 0.0, 'poisoned_loss': 2.4730103706112283, 'attack_success_rate': 0.0, 'poisoned_examples': 1171}
[92mINFO [0m:      
[92mINFO [0m:      [ROUND 2/40]
[92mINFO [0m:      configure_train: Sampled 6 nodes (out of 10)
[36m(raylet)[0m Spilled 3728 MiB, 4 objects, write throughput 1327 MiB/s. Set RAY_verbose_spill_logs=0 to disable this message.
[36m(raylet)[0m Spilled 4793 MiB, 5 objects, write throughput 1470 MiB/s.
[92mINFO [0m:      aggregate_train: Received 6 results and 0 failures
[92mINFO [0m:      	└──> Aggregated MetricRecord: {'train_loss': 1.890332958082082, 'nonfinite_updates_filtered': 0, 'foolsgold_mean_weight': 0.16666666666666666, 'foolsgold_weight_std': 0.2025104867775267, 'foolsgold_weight_min': 0.03803373243471686, 'foolsgold_weight_max': 0.6148029724099626, 'foolsgold_robust': 0, 'foolsgold_weight_entropy': 1.2502883980828938}
[92mINFO [0m:      configure_evaluate: Sampled 10 nodes (out of 10)
[92mINFO [0m:      aggregate_evaluate: Received 10 results and 0 failures
[92mINFO [0m:      	└──> Aggregated MetricRecord: {'eval_loss': 2.3188678700070358, 'eval_acc': 0.10134932533733133}
[92mINFO [0m:      Global evaluation
[92mINFO [0m:      	└──> MetricRecord: {'accuracy': 0.104, 'loss': 2.3186464671847187, 'poisoned_accuracy': 0.0, 'poisoned_loss': 2.570900584977473, 'attack_success_rate': 0.0, 'poisoned_examples': 1171}
[92mINFO [0m:      
[92mINFO [0m:      [ROUND 3/40]
[92mINFO [0m:      configure_train: Sampled 6 nodes (out of 10)
[36m(raylet)[0m Spilled 9053 MiB, 9 objects, write throughput 1128 MiB/s.
[92mINFO [0m:      aggregate_train: Received 6 results and 0 failures
[92mINFO [0m:      	└──> Aggregated MetricRecord: {'train_loss': 1.7404273643413757, 'nonfinite_updates_filtered': 0, 'foolsgold_mean_weight': 0.16666666666666666, 'foolsgold_weight_std': 0.1966944019895969, 'foolsgold_weight_min': 0.0619129632992651, 'foolsgold_weight_max': 0.6053937814281488, 'foolsgold_robust': 0, 'foolsgold_weight_entropy': 1.2985294242137504}
[92mINFO [0m:      configure_evaluate: Sampled 10 nodes (out of 10)
[92mINFO [0m:      aggregate_evaluate: Received 10 results and 0 failures
[92mINFO [0m:      	└──> Aggregated MetricRecord: {'eval_loss': 2.17961202152661, 'eval_acc': 0.15302348825587206}
[92mINFO [0m:      Global evaluation
[92mINFO [0m:      	└──> MetricRecord: {'accuracy': 0.1518, 'loss': 2.1737458766261235, 'poisoned_accuracy': 0.0, 'poisoned_loss': 2.8260448685474215, 'attack_success_rate': 0.0, 'poisoned_examples': 1171}
[92mINFO [0m:      
[92mINFO [0m:      [ROUND 4/40]
[92mINFO [0m:      configure_train: Sampled 6 nodes (out of 10)
[92mINFO [0m:      aggregate_train: Received 6 results and 0 failures
[92mINFO [0m:      	└──> Aggregated MetricRecord: {'train_loss': 1.6817608764655825, 'nonfinite_updates_filtered': 0, 'foolsgold_mean_weight': 0.1666666666666667, 'foolsgold_weight_std': 0.27329506382983715, 'foolsgold_weight_min': 0.02355904594113858, 'foolsgold_weight_max': 0.7767590484789262, 'foolsgold_robust': 0, 'foolsgold_weight_entropy': 0.8721511577073331}
[92mINFO [0m:      configure_evaluate: Sampled 10 nodes (out of 10)
[36m(raylet)[0m Spilled 16509 MiB, 16 objects, write throughput 1646 MiB/s.
[92mINFO [0m:      aggregate_evaluate: Received 10 results and 0 failures
[92mINFO [0m:      	└──> Aggregated MetricRecord: {'eval_loss': 2.0234893068169892, 'eval_acc': 0.22158920539730137}
[92mINFO [0m:      Global evaluation
[92mINFO [0m:      	└──> MetricRecord: {'accuracy': 0.2254, 'loss': 2.0143600868273386, 'poisoned_accuracy': 0.0, 'poisoned_loss': 3.472395921547529, 'attack_success_rate': 0.0, 'poisoned_examples': 1171}
[92mINFO [0m:      
[92mINFO [0m:      [ROUND 5/40]
[92mINFO [0m:      configure_train: Sampled 6 nodes (out of 10)
[92mINFO [0m:      aggregate_train: Received 6 results and 0 failures
[92mINFO [0m:      	└──> Aggregated MetricRecord: {'train_loss': 1.602837054624962, 'nonfinite_updates_filtered': 0, 'foolsgold_mean_weight': 0.16666666666666666, 'foolsgold_weight_std': 0.24814353048348256, 'foolsgold_weight_min': 0.04159660723551396, 'foolsgold_weight_max': 0.720537115878801, 'foolsgold_robust': 0, 'foolsgold_weight_entropy': 1.0311175074817027}
[92mINFO [0m:      configure_evaluate: Sampled 10 nodes (out of 10)
[92mINFO [0m:      aggregate_evaluate: Received 10 results and 0 failures
[92mINFO [0m:      	└──> Aggregated MetricRecord: {'eval_loss': 1.9967842695231832, 'eval_acc': 0.2621689155422289}
[92mINFO [0m:      Global evaluation
[92mINFO [0m:      	└──> MetricRecord: {'accuracy': 0.2657, 'loss': 1.9822261921967133, 'poisoned_accuracy': 0.0, 'poisoned_loss': 2.6697296992415143, 'attack_success_rate': 0.0, 'poisoned_examples': 1171}
[92mINFO [0m:      
[92mINFO [0m:      [ROUND 6/40]
[92mINFO [0m:      configure_train: Sampled 6 nodes (out of 10)
[92mINFO [0m:      aggregate_train: Received 6 results and 0 failures
[92mINFO [0m:      	└──> Aggregated MetricRecord: {'train_loss': 1.5252332242587898, 'nonfinite_updates_filtered': 0, 'foolsgold_mean_weight': 0.16666666666666666, 'foolsgold_weight_std': 0.2609464345406119, 'foolsgold_weight_min': 0.03890950600390088, 'foolsgold_weight_max': 0.7495638939380062, 'foolsgold_robust': 0, 'foolsgold_weight_entropy': 0.9579413298524864}
[92mINFO [0m:      configure_evaluate: Sampled 10 nodes (out of 10)
[92mINFO [0m:      aggregate_evaluate: Received 10 results and 0 failures
[92mINFO [0m:      	└──> Aggregated MetricRecord: {'eval_loss': 2.03104614266102, 'eval_acc': 0.2877561219390305}
[92mINFO [0m:      Global evaluation
[92mINFO [0m:      	└──> MetricRecord: {'accuracy': 0.2918, 'loss': 2.0103107902068125, 'poisoned_accuracy': 0.0, 'poisoned_loss': 3.10662099115875, 'attack_success_rate': 0.0, 'poisoned_examples': 1171}
[92mINFO [0m:      
[92mINFO [0m:      [ROUND 7/40]
[92mINFO [0m:      configure_train: Sampled 6 nodes (out of 10)
[92mINFO [0m:      aggregate_train: Received 6 results and 0 failures
[92mINFO [0m:      	└──> Aggregated MetricRecord: {'train_loss': 1.4172663031137673, 'nonfinite_updates_filtered': 0, 'foolsgold_mean_weight': 0.16666666666666666, 'foolsgold_weight_std': 0.2564797074346628, 'foolsgold_weight_min': 0.037116401578739855, 'foolsgold_weight_max': 0.7380543808172157, 'foolsgold_robust': 0, 'foolsgold_weight_entropy': 0.9729558554086326}
[92mINFO [0m:      configure_evaluate: Sampled 10 nodes (out of 10)
[92mINFO [0m:      aggregate_evaluate: Received 10 results and 0 failures
[92mINFO [0m:      	└──> Aggregated MetricRecord: {'eval_loss': 1.7781160459320386, 'eval_acc': 0.34952523738130936}
[92mINFO [0m:      Global evaluation
[92mINFO [0m:      	└──> MetricRecord: {'accuracy': 0.3494, 'loss': 1.773653338227091, 'poisoned_accuracy': 0.0, 'poisoned_loss': 2.7690527960339946, 'attack_success_rate': 0.0, 'poisoned_examples': 1171}
[92mINFO [0m:      
[92mINFO [0m:      [ROUND 8/40]
[92mINFO [0m:      configure_train: Sampled 6 nodes (out of 10)
[92mINFO [0m:      aggregate_train: Received 6 results and 0 failures
[92mINFO [0m:      	└──> Aggregated MetricRecord: {'train_loss': 1.295353956807224, 'nonfinite_updates_filtered': 0, 'foolsgold_mean_weight': 0.16666666666666666, 'foolsgold_weight_std': 0.2407697005837116, 'foolsgold_weight_min': 0.022946218372912275, 'foolsgold_weight_max': 0.6961552558762795, 'foolsgold_robust': 0, 'foolsgold_weight_entropy': 1.0152533044061403}
[92mINFO [0m:      configure_evaluate: Sampled 10 nodes (out of 10)
[36m(raylet)[0m Spilled 33019 MiB, 32 objects, write throughput 1187 MiB/s.
[92mINFO [0m:      aggregate_evaluate: Received 10 results and 0 failures
[92mINFO [0m:      	└──> Aggregated MetricRecord: {'eval_loss': 1.7774933343220278, 'eval_acc': 0.37601199400299856}
[92mINFO [0m:      Global evaluation
[92mINFO [0m:      	└──> MetricRecord: {'accuracy': 0.3767, 'loss': 1.7674890892415107, 'poisoned_accuracy': 0.009393680614859094, 'poisoned_loss': 3.3377492727121667, 'attack_success_rate': 0.010367577756833177, 'poisoned_examples': 1171}
[92mINFO [0m:      
[92mINFO [0m:      [ROUND 9/40]
[92mINFO [0m:      configure_train: Sampled 6 nodes (out of 10)
[92mINFO [0m:      aggregate_train: Received 6 results and 0 failures
[92mINFO [0m:      	└──> Aggregated MetricRecord: {'train_loss': 1.3350971014884196, 'nonfinite_updates_filtered': 0, 'foolsgold_mean_weight': 0.16666666666666666, 'foolsgold_weight_std': 0.30032466914730227, 'foolsgold_weight_min': 0.024887142091305763, 'foolsgold_weight_max': 0.8379531198579472, 'foolsgold_robust': 0, 'foolsgold_weight_entropy': 0.6978554571308606}
[92mINFO [0m:      configure_evaluate: Sampled 10 nodes (out of 10)
[92mINFO [0m:      aggregate_evaluate: Received 10 results and 0 failures
[92mINFO [0m:      	└──> Aggregated MetricRecord: {'eval_loss': 1.7285766300040468, 'eval_acc': 0.36681659170414793}
[92mINFO [0m:      Global evaluation
[92mINFO [0m:      	└──> MetricRecord: {'accuracy': 0.3739, 'loss': 1.7323309741442716, 'poisoned_accuracy': 0.0, 'poisoned_loss': 4.843870680114329, 'attack_success_rate': 0.0, 'poisoned_examples': 1171}
[92mINFO [0m:      
[92mINFO [0m:      [ROUND 10/40]
[92mINFO [0m:      configure_train: Sampled 6 nodes (out of 10)
[92mINFO [0m:      aggregate_train: Received 6 results and 0 failures
[92mINFO [0m:      	└──> Aggregated MetricRecord: {'train_loss': 1.17925791895123, 'nonfinite_updates_filtered': 0, 'foolsgold_mean_weight': 0.16666666666666666, 'foolsgold_weight_std': 0.24028253425633897, 'foolsgold_weight_min': 0.02732343353407748, 'foolsgold_weight_max': 0.697996090602188, 'foolsgold_robust': 0, 'foolsgold_weight_entropy': 1.0423463278884124}
[92mINFO [0m:      configure_evaluate: Sampled 10 nodes (out of 10)
[92mINFO [0m:      aggregate_evaluate: Received 10 results and 0 failures
[92mINFO [0m:      	└──> Aggregated MetricRecord: {'eval_loss': 1.6249820334160188, 'eval_acc': 0.4217891054472763}
[92mINFO [0m:      Global evaluation
[92mINFO [0m:      	└──> MetricRecord: {'accuracy': 0.4288, 'loss': 1.6289820520183709, 'poisoned_accuracy': 0.037574722459436376, 'poisoned_loss': 3.8881722473874243, 'attack_success_rate': 0.0235626767200754, 'poisoned_examples': 1171}
[92mINFO [0m:      
[92mINFO [0m:      [ROUND 11/40]
[92mINFO [0m:      configure_train: Sampled 6 nodes (out of 10)
[92mINFO [0m:      aggregate_train: Received 6 results and 0 failures
[92mINFO [0m:      	└──> Aggregated MetricRecord: {'train_loss': 1.1715904253894434, 'nonfinite_updates_filtered': 0, 'foolsgold_mean_weight': 0.16666666666666666, 'foolsgold_weight_std': 0.2980775521089575, 'foolsgold_weight_min': 0.015050392681995853, 'foolsgold_weight_max': 0.8303330649055563, 'foolsgold_robust': 0, 'foolsgold_weight_entropy': 0.6753951823453147}
[92mINFO [0m:      configure_evaluate: Sampled 10 nodes (out of 10)
[92mINFO [0m:      aggregate_evaluate: Received 10 results and 0 failures
[92mINFO [0m:      	└──> Aggregated MetricRecord: {'eval_loss': 1.575745471598299, 'eval_acc': 0.4201899050474762}
[92mINFO [0m:      Global evaluation
[92mINFO [0m:      	└──> MetricRecord: {'accuracy': 0.4214, 'loss': 1.5799830382383322, 'poisoned_accuracy': 0.018787361229718188, 'poisoned_loss': 4.546057539857625, 'attack_success_rate': 0.00471253534401508, 'poisoned_examples': 1171}
[92mINFO [0m:      
[92mINFO [0m:      [ROUND 12/40]
[92mINFO [0m:      configure_train: Sampled 6 nodes (out of 10)
[92mINFO [0m:      aggregate_train: Received 6 results and 0 failures
[92mINFO [0m:      	└──> Aggregated MetricRecord: {'train_loss': 1.107701660591671, 'nonfinite_updates_filtered': 0, 'foolsgold_mean_weight': 0.16666666666666666, 'foolsgold_weight_std': 0.21465996083215633, 'foolsgold_weight_min': 0.012316202318258253, 'foolsgold_weight_max': 0.6322325243670158, 'foolsgold_robust': 0, 'foolsgold_weight_entropy': 1.125723874526527}
[92mINFO [0m:      configure_evaluate: Sampled 10 nodes (out of 10)
[92mINFO [0m:      aggregate_evaluate: Received 10 results and 0 failures
[92mINFO [0m:      	└──> Aggregated MetricRecord: {'eval_loss': 1.4751858201932702, 'eval_acc': 0.45147426286856573}
[92mINFO [0m:      Global evaluation
[92mINFO [0m:      	└──> MetricRecord: {'accuracy': 0.4451, 'loss': 1.4751305655588078, 'poisoned_accuracy': 0.02049530315969257, 'poisoned_loss': 4.377643392393469, 'attack_success_rate': 0.008482563619227144, 'poisoned_examples': 1171}
[92mINFO [0m:      
[92mINFO [0m:      [ROUND 13/40]
[92mINFO [0m:      configure_train: Sampled 6 nodes (out of 10)
[92mINFO [0m:      aggregate_train: Received 6 results and 0 failures
[92mINFO [0m:      	└──> Aggregated MetricRecord: {'train_loss': 1.090981281399726, 'nonfinite_updates_filtered': 0, 'foolsgold_mean_weight': 0.16666666666666666, 'foolsgold_weight_std': 0.22815974769165884, 'foolsgold_weight_min': 0.022265949245745525, 'foolsgold_weight_max': 0.6703436189558972, 'foolsgold_robust': 0, 'foolsgold_weight_entropy': 1.0999560578314964}
[92mINFO [0m:      configure_evaluate: Sampled 10 nodes (out of 10)
[92mINFO [0m:      aggregate_evaluate: Received 10 results and 0 failures
[92mINFO [0m:      	└──> Aggregated MetricRecord: {'eval_loss': 1.544646392114885, 'eval_acc': 0.46906546726636683}
[92mINFO [0m:      Global evaluation
[92mINFO [0m:      	└──> MetricRecord: {'accuracy': 0.4817, 'loss': 1.5427375805528858, 'poisoned_accuracy': 0.0888129803586678, 'poisoned_loss': 4.464288259550203, 'attack_success_rate': 0.0471253534401508, 'poisoned_examples': 1171}
[92mINFO [0m:      
[92mINFO [0m:      [ROUND 14/40]
[92mINFO [0m:      configure_train: Sampled 6 nodes (out of 10)
[92mINFO [0m:      aggregate_train: Received 6 results and 0 failures
[92mINFO [0m:      	└──> Aggregated MetricRecord: {'train_loss': 1.0619008331822144, 'nonfinite_updates_filtered': 0, 'foolsgold_mean_weight': 0.16666666666666674, 'foolsgold_weight_std': 0.2514198837848739, 'foolsgold_weight_min': 0.0229422193369426, 'foolsgold_weight_max': 0.7246513636931509, 'foolsgold_robust': 0, 'foolsgold_weight_entropy': 0.9805445991065583}
[92mINFO [0m:      configure_evaluate: Sampled 10 nodes (out of 10)
[92mINFO [0m:      aggregate_evaluate: Received 10 results and 0 failures
[92mINFO [0m:      	└──> Aggregated MetricRecord: {'eval_loss': 1.4782036243284147, 'eval_acc': 0.4734632683658171}
[92mINFO [0m:      Global evaluation
[92mINFO [0m:      	└──> MetricRecord: {'accuracy': 0.4782, 'loss': 1.4734583066988596, 'poisoned_accuracy': 0.07685738684884715, 'poisoned_loss': 4.260467244864121, 'attack_success_rate': 0.04241281809613572, 'poisoned_examples': 1171}
[92mINFO [0m:      
[92mINFO [0m:      [ROUND 15/40]
[92mINFO [0m:      configure_train: Sampled 6 nodes (out of 10)
[92mINFO [0m:      aggregate_train: Received 6 results and 0 failures
[92mINFO [0m:      	└──> Aggregated MetricRecord: {'train_loss': 1.0611691014773654, 'nonfinite_updates_filtered': 0, 'foolsgold_mean_weight': 0.16666666666666666, 'foolsgold_weight_std': 0.2519369011747938, 'foolsgold_weight_min': 0.014191315101743231, 'foolsgold_weight_max': 0.7248996677390277, 'foolsgold_robust': 0, 'foolsgold_weight_entropy': 0.961831390640582}
[92mINFO [0m:      configure_evaluate: Sampled 10 nodes (out of 10)
[92mINFO [0m:      aggregate_evaluate: Received 10 results and 0 failures
[92mINFO [0m:      	└──> Aggregated MetricRecord: {'eval_loss': 1.7959280385780352, 'eval_acc': 0.4361819090454772}
[92mINFO [0m:      Global evaluation
[92mINFO [0m:      	└──> MetricRecord: {'accuracy': 0.4319, 'loss': 1.8028574714177772, 'poisoned_accuracy': 0.08539709649871904, 'poisoned_loss': 2.3711193860035285, 'attack_success_rate': 0.03770028275212064, 'poisoned_examples': 1171}
[92mINFO [0m:      
[92mINFO [0m:      [ROUND 16/40]
[92mINFO [0m:      configure_train: Sampled 6 nodes (out of 10)
[92mINFO [0m:      aggregate_train: Received 6 results and 0 failures
[92mINFO [0m:      	└──> Aggregated MetricRecord: {'train_loss': 0.9717437269228684, 'nonfinite_updates_filtered': 0, 'foolsgold_mean_weight': 0.16666666666666666, 'foolsgold_weight_std': 0.27968373537223884, 'foolsgold_weight_min': 0.022193103794486645, 'foolsgold_weight_max': 0.7872088743262928, 'foolsgold_robust': 0, 'foolsgold_weight_entropy': 0.7940152893804566}
[92mINFO [0m:      configure_evaluate: Sampled 10 nodes (out of 10)
[36m(raylet)[0m Spilled 66572 MiB, 64 objects, write throughput 837 MiB/s.
[92mINFO [0m:      aggregate_evaluate: Received 10 results and 0 failures
[92mINFO [0m:      	└──> Aggregated MetricRecord: {'eval_loss': 1.5175190639088418, 'eval_acc': 0.49635182408795603}
[92mINFO [0m:      Global evaluation
[92mINFO [0m:      	└──> MetricRecord: {'accuracy': 0.4942, 'loss': 1.5129120319704465, 'poisoned_accuracy': 0.10503842869342442, 'poisoned_loss': 4.066247547924977, 'attack_success_rate': 0.05655042412818096, 'poisoned_examples': 1171}
[92mINFO [0m:      
[92mINFO [0m:      [ROUND 17/40]
[92mINFO [0m:      configure_train: Sampled 6 nodes (out of 10)
[92mINFO [0m:      aggregate_train: Received 6 results and 0 failures
[92mINFO [0m:      	└──> Aggregated MetricRecord: {'train_loss': 1.0355624099718947, 'nonfinite_updates_filtered': 0, 'foolsgold_mean_weight': 0.16666666666666666, 'foolsgold_weight_std': 0.2561845277835395, 'foolsgold_weight_min': 0.020687804486281536, 'foolsgold_weight_max': 0.7344141949724159, 'foolsgold_robust': 0, 'foolsgold_weight_entropy': 0.9457029826630076}
[92mINFO [0m:      configure_evaluate: Sampled 10 nodes (out of 10)
[92mINFO [0m:      aggregate_evaluate: Received 10 results and 0 failures
[92mINFO [0m:      	└──> Aggregated MetricRecord: {'eval_loss': 1.9929085033083016, 'eval_acc': 0.471864067966017}
[92mINFO [0m:      Global evaluation
[92mINFO [0m:      	└──> MetricRecord: {'accuracy': 0.4719, 'loss': 1.9858826127233384, 'poisoned_accuracy': 0.1067463706233988, 'poisoned_loss': 2.3517964527609, 'attack_success_rate': 0.04995287464655985, 'poisoned_examples': 1171}
[92mINFO [0m:      
[92mINFO [0m:      [ROUND 18/40]
[92mINFO [0m:      configure_train: Sampled 6 nodes (out of 10)
[92mINFO [0m:      aggregate_train: Received 6 results and 0 failures
[92mINFO [0m:      	└──> Aggregated MetricRecord: {'train_loss': 0.9365921169856649, 'nonfinite_updates_filtered': 0, 'foolsgold_mean_weight': 0.16666666666666666, 'foolsgold_weight_std': 0.25543073336424926, 'foolsgold_weight_min': 0.00986278808046076, 'foolsgold_weight_max': 0.731056870958049, 'foolsgold_robust': 0, 'foolsgold_weight_entropy': 0.9225002216303104}
[92mINFO [0m:      configure_evaluate: Sampled 10 nodes (out of 10)
[92mINFO [0m:      aggregate_evaluate: Received 10 results and 0 failures
[92mINFO [0m:      	└──> Aggregated MetricRecord: {'eval_loss': 1.3753585865986404, 'eval_acc': 0.5274362818590705}
[92mINFO [0m:      Global evaluation
[92mINFO [0m:      	└──> MetricRecord: {'accuracy': 0.5309, 'loss': 1.3900118945520135, 'poisoned_accuracy': 0.1246797608881298, 'poisoned_loss': 4.117495324243143, 'attack_success_rate': 0.061262959472196045, 'poisoned_examples': 1171}
[92mINFO [0m:      
[92mINFO [0m:      [ROUND 19/40]
[92mINFO [0m:      configure_train: Sampled 6 nodes (out of 10)
[92mINFO [0m:      aggregate_train: Received 6 results and 0 failures
[92mINFO [0m:      	└──> Aggregated MetricRecord: {'train_loss': 0.8132896338919847, 'nonfinite_updates_filtered': 0, 'foolsgold_mean_weight': 0.16666666666666666, 'foolsgold_weight_std': 0.25917571619629004, 'foolsgold_weight_min': 0.008610908570041759, 'foolsgold_weight_max': 0.7416688844277187, 'foolsgold_robust': 0, 'foolsgold_weight_entropy': 0.9107692921071765}
[92mINFO [0m:      configure_evaluate: Sampled 10 nodes (out of 10)
[92mINFO [0m:      aggregate_evaluate: Received 10 results and 0 failures
[92mINFO [0m:      	└──> Aggregated MetricRecord: {'eval_loss': 1.3358047210949366, 'eval_acc': 0.5722138930534733}
[92mINFO [0m:      Global evaluation
[92mINFO [0m:      	└──> MetricRecord: {'accuracy': 0.574, 'loss': 1.3543088300318658, 'poisoned_accuracy': 0.08112724167378309, 'poisoned_loss': 5.113241191810262, 'attack_success_rate': 0.02544769085768143, 'poisoned_examples': 1171}
[92mINFO [0m:      
[92mINFO [0m:      [ROUND 20/40]
[92mINFO [0m:      configure_train: Sampled 6 nodes (out of 10)
[92mINFO [0m:      aggregate_train: Received 6 results and 0 failures
[92mINFO [0m:      	└──> Aggregated MetricRecord: {'train_loss': 0.8490951540616714, 'nonfinite_updates_filtered': 0, 'foolsgold_mean_weight': 0.16666666666666666, 'foolsgold_weight_std': 0.2729987224740837, 'foolsgold_weight_min': 0.01854713978198867, 'foolsgold_weight_max': 0.774917945820894, 'foolsgold_robust': 0, 'foolsgold_weight_entropy': 0.8588597432287521}
[92mINFO [0m:      configure_evaluate: Sampled 10 nodes (out of 10)
[92mINFO [0m:      aggregate_evaluate: Received 10 results and 0 failures
[92mINFO [0m:      	└──> Aggregated MetricRecord: {'eval_loss': 1.5629239182793984, 'eval_acc': 0.5326336831584207}
[92mINFO [0m:      Global evaluation
[92mINFO [0m:      	└──> MetricRecord: {'accuracy': 0.5297, 'loss': 1.5888942585715764, 'poisoned_accuracy': 0.07514944491887275, 'poisoned_loss': 5.711796821843448, 'attack_success_rate': 0.02639019792648445, 'poisoned_examples': 1171}
[92mINFO [0m:      
[92mINFO [0m:      [ROUND 21/40]
[92mINFO [0m:      configure_train: Sampled 6 nodes (out of 10)
[92mINFO [0m:      aggregate_train: Received 6 results and 0 failures
[92mINFO [0m:      	└──> Aggregated MetricRecord: {'train_loss': 0.8113117683321973, 'nonfinite_updates_filtered': 0, 'foolsgold_mean_weight': 0.16666666666666666, 'foolsgold_weight_std': 0.27978485723943786, 'foolsgold_weight_min': 0.007442672806355455, 'foolsgold_weight_max': 0.7856739047431543, 'foolsgold_robust': 0, 'foolsgold_weight_entropy': 0.7529877372867763}
[92mINFO [0m:      configure_evaluate: Sampled 10 nodes (out of 10)
[92mINFO [0m:      aggregate_evaluate: Received 10 results and 0 failures
[92mINFO [0m:      	└──> Aggregated MetricRecord: {'eval_loss': 1.4614740582438772, 'eval_acc': 0.5485257371314343}
[92mINFO [0m:      Global evaluation
[92mINFO [0m:      	└──> MetricRecord: {'accuracy': 0.5476, 'loss': 1.4831421013119854, 'poisoned_accuracy': 0.10503842869342442, 'poisoned_loss': 5.410726255885971, 'attack_success_rate': 0.04524033930254477, 'poisoned_examples': 1171}
[92mINFO [0m:      
[92mINFO [0m:      [ROUND 22/40]
[92mINFO [0m:      configure_train: Sampled 6 nodes (out of 10)
[92mINFO [0m:      aggregate_train: Received 6 results and 0 failures
[92mINFO [0m:      	└──> Aggregated MetricRecord: {'train_loss': 0.8859331896935172, 'nonfinite_updates_filtered': 0, 'foolsgold_mean_weight': 0.16666666666666666, 'foolsgold_weight_std': 0.28819013447830283, 'foolsgold_weight_min': 0.021262186125935077, 'foolsgold_weight_max': 0.8100288765691745, 'foolsgold_robust': 0, 'foolsgold_weight_entropy': 0.7712219674597944}
[92mINFO [0m:      configure_evaluate: Sampled 10 nodes (out of 10)
[92mINFO [0m:      aggregate_evaluate: Received 10 results and 0 failures
[92mINFO [0m:      	└──> Aggregated MetricRecord: {'eval_loss': 2.041520311551115, 'eval_acc': 0.4617691154422789}
[92mINFO [0m:      Global evaluation
[92mINFO [0m:      	└──> MetricRecord: {'accuracy': 0.4663, 'loss': 2.0500721267507047, 'poisoned_accuracy': 0.15456874466268147, 'poisoned_loss': 2.0557920207944718, 'attack_success_rate': 0.0885956644674835, 'poisoned_examples': 1171}
[92mINFO [0m:      
[92mINFO [0m:      [ROUND 23/40]
[92mINFO [0m:      configure_train: Sampled 6 nodes (out of 10)
[92mINFO [0m:      aggregate_train: Received 6 results and 0 failures
[92mINFO [0m:      	└──> Aggregated MetricRecord: {'train_loss': 0.8544225263403478, 'nonfinite_updates_filtered': 0, 'foolsgold_mean_weight': 0.16666666666666666, 'foolsgold_weight_std': 0.19138631481777332, 'foolsgold_weight_min': 0.0285915227753058, 'foolsgold_weight_max': 0.4373091076726621, 'foolsgold_robust': 0, 'foolsgold_weight_entropy': 1.1570830967245016}
[92mINFO [0m:      configure_evaluate: Sampled 10 nodes (out of 10)
[92mINFO [0m:      aggregate_evaluate: Received 10 results and 0 failures
[92mINFO [0m:      	└──> Aggregated MetricRecord: {'eval_loss': 1.220379423616545, 'eval_acc': 0.6042978510744628}
[92mINFO [0m:      Global evaluation
[92mINFO [0m:      	└──> MetricRecord: {'accuracy': 0.6027, 'loss': 1.232625490502466, 'poisoned_accuracy': 0.20666097352690008, 'poisoned_loss': 2.3148657559941306, 'attack_success_rate': 0.1470311027332705, 'poisoned_examples': 1171}
[92mINFO [0m:      
[92mINFO [0m:      [ROUND 24/40]
[92mINFO [0m:      configure_train: Sampled 6 nodes (out of 10)
[92mINFO [0m:      aggregate_train: Received 6 results and 0 failures
[92mINFO [0m:      	└──> Aggregated MetricRecord: {'train_loss': 0.6883946896636735, 'nonfinite_updates_filtered': 0, 'foolsgold_mean_weight': 0.16666666666666666, 'foolsgold_weight_std': 0.25920435158503013, 'foolsgold_weight_min': 0.017731327132630925, 'foolsgold_weight_max': 0.7381477098216804, 'foolsgold_robust': 0, 'foolsgold_weight_entropy': 0.9079063838860268}
[92mINFO [0m:      configure_evaluate: Sampled 10 nodes (out of 10)
[92mINFO [0m:      aggregate_evaluate: Received 10 results and 0 failures
[92mINFO [0m:      	└──> Aggregated MetricRecord: {'eval_loss': 1.3576473407982772, 'eval_acc': 0.613793103448276}
[92mINFO [0m:      Global evaluation
[92mINFO [0m:      	└──> MetricRecord: {'accuracy': 0.6128, 'loss': 1.3792257708839224, 'poisoned_accuracy': 0.1349274124679761, 'poisoned_loss': 4.963246284032051, 'attack_success_rate': 0.07351555136663525, 'poisoned_examples': 1171}
[92mINFO [0m:      
[92mINFO [0m:      [ROUND 25/40]
[92mINFO [0m:      configure_train: Sampled 6 nodes (out of 10)
[92mINFO [0m:      aggregate_train: Received 6 results and 0 failures
[92mINFO [0m:      	└──> Aggregated MetricRecord: {'train_loss': 0.6840373395740628, 'nonfinite_updates_filtered': 0, 'foolsgold_mean_weight': 0.16666666666666666, 'foolsgold_weight_std': 0.25410788472804186, 'foolsgold_weight_min': 0.006262548622549215, 'foolsgold_weight_max': 0.7085471610317192, 'foolsgold_robust': 0, 'foolsgold_weight_entropy': 0.8383500794548779}
[92mINFO [0m:      configure_evaluate: Sampled 10 nodes (out of 10)
[92mINFO [0m:      aggregate_evaluate: Received 10 results and 0 failures
[92mINFO [0m:      	└──> Aggregated MetricRecord: {'eval_loss': 1.3845796347322303, 'eval_acc': 0.6217891054472764}
[92mINFO [0m:      Global evaluation
[92mINFO [0m:      	└──> MetricRecord: {'accuracy': 0.6157, 'loss': 1.4133287894574902, 'poisoned_accuracy': 0.19043552519214346, 'poisoned_loss': 4.8786340724902715, 'attack_success_rate': 0.13760603204524033, 'poisoned_examples': 1171}
[92mINFO [0m:      
[92mINFO [0m:      [ROUND 26/40]
[92mINFO [0m:      configure_train: Sampled 6 nodes (out of 10)
[92mINFO [0m:      aggregate_train: Received 6 results and 0 failures
[92mINFO [0m:      	└──> Aggregated MetricRecord: {'train_loss': 0.7564198777700029, 'nonfinite_updates_filtered': 0, 'foolsgold_mean_weight': 0.16666666666666666, 'foolsgold_weight_std': 0.2726697815807761, 'foolsgold_weight_min': 0.023045522136412665, 'foolsgold_weight_max': 0.7749043133431305, 'foolsgold_robust': 0, 'foolsgold_weight_entropy': 0.8716348812333814}
[92mINFO [0m:      configure_evaluate: Sampled 10 nodes (out of 10)
[92mINFO [0m:      aggregate_evaluate: Received 10 results and 0 failures
[92mINFO [0m:      	└──> Aggregated MetricRecord: {'eval_loss': 2.045253242639177, 'eval_acc': 0.5094452773613193}
[92mINFO [0m:      Global evaluation
[92mINFO [0m:      	└──> MetricRecord: {'accuracy': 0.5039, 'loss': 2.0441899586327468, 'poisoned_accuracy': 0.6712211784799317, 'poisoned_loss': 1.0564639549622874, 'attack_success_rate': 0.647502356267672, 'poisoned_examples': 1171}
[92mINFO [0m:      
[92mINFO [0m:      [ROUND 27/40]
[92mINFO [0m:      configure_train: Sampled 6 nodes (out of 10)
[92mINFO [0m:      aggregate_train: Received 6 results and 0 failures
[92mINFO [0m:      	└──> Aggregated MetricRecord: {'train_loss': 0.7556339851631465, 'nonfinite_updates_filtered': 0, 'foolsgold_mean_weight': 0.16666666666666666, 'foolsgold_weight_std': 0.2959901728883927, 'foolsgold_weight_min': 0.00033556881494131084, 'foolsgold_weight_max': 0.8140425237076065, 'foolsgold_robust': 0, 'foolsgold_weight_entropy': 0.5423348918614304}
[92mINFO [0m:      configure_evaluate: Sampled 10 nodes (out of 10)
[92mINFO [0m:      aggregate_evaluate: Received 10 results and 0 failures
[92mINFO [0m:      	└──> Aggregated MetricRecord: {'eval_loss': 1.663371687042681, 'eval_acc': 0.5845077461269366}
[92mINFO [0m:      Global evaluation
[92mINFO [0m:      	└──> MetricRecord: {'accuracy': 0.5822, 'loss': 1.6773606734939768, 'poisoned_accuracy': 0.4227156276686593, 'poisoned_loss': 4.272096770121235, 'attack_success_rate': 0.38454288407163056, 'poisoned_examples': 1171}
[92mINFO [0m:      
[92mINFO [0m:      [ROUND 28/40]
[92mINFO [0m:      configure_train: Sampled 6 nodes (out of 10)
[92mINFO [0m:      aggregate_train: Received 6 results and 0 failures
[92mINFO [0m:      	└──> Aggregated MetricRecord: {'train_loss': 0.6398807987302876, 'nonfinite_updates_filtered': 0, 'foolsgold_mean_weight': 0.16666666666666666, 'foolsgold_weight_std': 0.2980063481215601, 'foolsgold_weight_min': 0.0, 'foolsgold_weight_max': 0.8192137179505731, 'foolsgold_robust': 0, 'foolsgold_weight_entropy': 0.5266612183796463}
[92mINFO [0m:      configure_evaluate: Sampled 10 nodes (out of 10)
[92mINFO [0m:      aggregate_evaluate: Received 10 results and 0 failures
[92mINFO [0m:      	└──> Aggregated MetricRecord: {'eval_loss': 1.631963300731409, 'eval_acc': 0.5903048475762119}
[92mINFO [0m:      Global evaluation
[92mINFO [0m:      	└──> MetricRecord: {'accuracy': 0.5942, 'loss': 1.6417003749292107, 'poisoned_accuracy': 0.4995730145175064, 'poisoned_loss': 3.0328023533450548, 'attack_success_rate': 0.4590009425070688, 'poisoned_examples': 1171}
[92mINFO [0m:      
[92mINFO [0m:      [ROUND 29/40]
[92mINFO [0m:      configure_train: Sampled 6 nodes (out of 10)
[92mINFO [0m:      aggregate_train: Received 6 results and 0 failures
[92mINFO [0m:      	└──> Aggregated MetricRecord: {'train_loss': 0.7746789223090705, 'nonfinite_updates_filtered': 0, 'foolsgold_mean_weight': 0.16666666666666666, 'foolsgold_weight_std': 0.2372737785435816, 'foolsgold_weight_min': 0.0085037231015759, 'foolsgold_weight_max': 0.6722002693852669, 'foolsgold_robust': 0, 'foolsgold_weight_entropy': 0.960837855343706}
[92mINFO [0m:      configure_evaluate: Sampled 10 nodes (out of 10)
[92mINFO [0m:      aggregate_evaluate: Received 10 results and 0 failures
[92mINFO [0m:      	└──> Aggregated MetricRecord: {'eval_loss': 1.6943349990209553, 'eval_acc': 0.554822588705647}
[92mINFO [0m:      Global evaluation
[92mINFO [0m:      	└──> MetricRecord: {'accuracy': 0.5552, 'loss': 1.7008040841621688, 'poisoned_accuracy': 0.681468830059778, 'poisoned_loss': 1.2625034045552108, 'attack_success_rate': 0.6635249764373233, 'poisoned_examples': 1171}
[92mINFO [0m:      
[92mINFO [0m:      [ROUND 30/40]
[92mINFO [0m:      configure_train: Sampled 6 nodes (out of 10)
[92mINFO [0m:      aggregate_train: Received 6 results and 0 failures
[92mINFO [0m:      	└──> Aggregated MetricRecord: {'train_loss': 0.7978711156801508, 'nonfinite_updates_filtered': 0, 'foolsgold_mean_weight': 0.16666666666666666, 'foolsgold_weight_std': 0.2267133187472214, 'foolsgold_weight_min': 0.03421428132105817, 'foolsgold_weight_max': 0.6680553523392174, 'foolsgold_robust': 0, 'foolsgold_weight_entropy': 1.1238552160940563}
[92mINFO [0m:      configure_evaluate: Sampled 10 nodes (out of 10)
[92mINFO [0m:      aggregate_evaluate: Received 10 results and 0 failures
[92mINFO [0m:      	└──> Aggregated MetricRecord: {'eval_loss': 1.2817952122128429, 'eval_acc': 0.599400299850075}
[92mINFO [0m:      Global evaluation
[92mINFO [0m:      	└──> MetricRecord: {'accuracy': 0.599, 'loss': 1.29968393301662, 'poisoned_accuracy': 0.7241673783091375, 'poisoned_loss': 1.128259862431927, 'attack_success_rate': 0.704995287464656, 'poisoned_examples': 1171}
[92mINFO [0m:      
[92mINFO [0m:      [ROUND 31/40]
[92mINFO [0m:      configure_train: Sampled 6 nodes (out of 10)
[92mINFO [0m:      aggregate_train: Received 6 results and 0 failures
[92mINFO [0m:      	└──> Aggregated MetricRecord: {'train_loss': 0.5535587911055276, 'nonfinite_updates_filtered': 0, 'foolsgold_mean_weight': 0.16666666666666666, 'foolsgold_weight_std': 0.27941539933091003, 'foolsgold_weight_min': 0.01592921824678322, 'foolsgold_weight_max': 0.7898788591139863, 'foolsgold_robust': 0, 'foolsgold_weight_entropy': 0.8206230392019951}
[92mINFO [0m:      configure_evaluate: Sampled 10 nodes (out of 10)
[36m(raylet)[0m Spilled 132079 MiB, 126 objects, write throughput 847 MiB/s.
[92mINFO [0m:      aggregate_evaluate: Received 10 results and 0 failures
[92mINFO [0m:      	└──> Aggregated MetricRecord: {'eval_loss': 2.2728375696161587, 'eval_acc': 0.5501249375312345}
[92mINFO [0m:      Global evaluation
[92mINFO [0m:      	└──> MetricRecord: {'accuracy': 0.5453, 'loss': 2.2809044001977656, 'poisoned_accuracy': 0.8548249359521777, 'poisoned_loss': 0.6356414485529716, 'attack_success_rate': 0.8416588124410933, 'poisoned_examples': 1171}
[92mINFO [0m:      
[92mINFO [0m:      [ROUND 32/40]
[92mINFO [0m:      configure_train: Sampled 6 nodes (out of 10)
[92mINFO [0m:      aggregate_train: Received 6 results and 0 failures
[92mINFO [0m:      	└──> Aggregated MetricRecord: {'train_loss': 0.5763175549173578, 'nonfinite_updates_filtered': 0, 'foolsgold_mean_weight': 0.16666666666666663, 'foolsgold_weight_std': 0.25213530503984394, 'foolsgold_weight_min': 0.017450390331668838, 'foolsgold_weight_max': 0.7127974374665824, 'foolsgold_robust': 0, 'foolsgold_weight_entropy': 0.9058183980559454}
[92mINFO [0m:      configure_evaluate: Sampled 10 nodes (out of 10)
[92mINFO [0m:      aggregate_evaluate: Received 10 results and 0 failures
[92mINFO [0m:      	└──> Aggregated MetricRecord: {'eval_loss': 1.5679464212860377, 'eval_acc': 0.6286856571714142}
[92mINFO [0m:      Global evaluation
[92mINFO [0m:      	└──> MetricRecord: {'accuracy': 0.6258, 'loss': 1.592574569243419, 'poisoned_accuracy': 0.6959863364645602, 'poisoned_loss': 2.03947505011302, 'attack_success_rate': 0.6729500471253534, 'poisoned_examples': 1171}
[92mINFO [0m:      
[92mINFO [0m:      [ROUND 33/40]
[92mINFO [0m:      configure_train: Sampled 6 nodes (out of 10)
[92mINFO [0m:      aggregate_train: Received 6 results and 0 failures
[92mINFO [0m:      	└──> Aggregated MetricRecord: {'train_loss': 0.712061352908522, 'nonfinite_updates_filtered': 0, 'foolsgold_mean_weight': 0.16666666666666666, 'foolsgold_weight_std': 0.3095479536653722, 'foolsgold_weight_min': 0.017317976324471858, 'foolsgold_weight_max': 0.8582615351203976, 'foolsgold_robust': 0, 'foolsgold_weight_entropy': 0.6213558168901763}
[92mINFO [0m:      configure_evaluate: Sampled 10 nodes (out of 10)
[92mINFO [0m:      aggregate_evaluate: Received 10 results and 0 failures
[92mINFO [0m:      	└──> Aggregated MetricRecord: {'eval_loss': 1.702272387292314, 'eval_acc': 0.5454272863568215}
[92mINFO [0m:      Global evaluation
[92mINFO [0m:      	└──> MetricRecord: {'accuracy': 0.5496, 'loss': 1.709875031362606, 'poisoned_accuracy': 0.8573868488471392, 'poisoned_loss': 0.6084492218996422, 'attack_success_rate': 0.8473138548539114, 'poisoned_examples': 1171}
[92mINFO [0m:      
[92mINFO [0m:      [ROUND 34/40]
[92mINFO [0m:      configure_train: Sampled 6 nodes (out of 10)
[92mINFO [0m:      aggregate_train: Received 6 results and 0 failures
[92mINFO [0m:      	└──> Aggregated MetricRecord: {'train_loss': 0.6485387253388615, 'nonfinite_updates_filtered': 0, 'foolsgold_mean_weight': 0.16666666666666666, 'foolsgold_weight_std': 0.22728913559101507, 'foolsgold_weight_min': 0.01072473389203631, 'foolsgold_weight_max': 0.6593126274231962, 'foolsgold_robust': 0, 'foolsgold_weight_entropy': 1.0440418729885712}
[92mINFO [0m:      configure_evaluate: Sampled 10 nodes (out of 10)
[92mINFO [0m:      aggregate_evaluate: Received 10 results and 0 failures
[92mINFO [0m:      	└──> Aggregated MetricRecord: {'eval_loss': 1.204182119215726, 'eval_acc': 0.6524737631184407}
[92mINFO [0m:      Global evaluation
[92mINFO [0m:      	└──> MetricRecord: {'accuracy': 0.6503, 'loss': 1.2277621936194505, 'poisoned_accuracy': 0.7472245943637916, 'poisoned_loss': 1.6139313875372265, 'attack_success_rate': 0.7285579641847314, 'poisoned_examples': 1171}
[92mINFO [0m:      
[92mINFO [0m:      [ROUND 35/40]
[92mINFO [0m:      configure_train: Sampled 6 nodes (out of 10)
[92mINFO [0m:      aggregate_train: Received 6 results and 0 failures
[92mINFO [0m:      	└──> Aggregated MetricRecord: {'train_loss': 0.5125351300861483, 'nonfinite_updates_filtered': 0, 'foolsgold_mean_weight': 0.16666666666666666, 'foolsgold_weight_std': 0.2538486012814258, 'foolsgold_weight_min': 0.018629436001581092, 'foolsgold_weight_max': 0.7210140582104932, 'foolsgold_robust': 0, 'foolsgold_weight_entropy': 0.9166711427524876}
[92mINFO [0m:      configure_evaluate: Sampled 10 nodes (out of 10)
[92mINFO [0m:      aggregate_evaluate: Received 10 results and 0 failures
[92mINFO [0m:      	└──> Aggregated MetricRecord: {'eval_loss': 2.0424461629248656, 'eval_acc': 0.5699150424787606}
[92mINFO [0m:      Global evaluation
[92mINFO [0m:      	└──> MetricRecord: {'accuracy': 0.5672, 'loss': 2.051905731611614, 'poisoned_accuracy': 0.8915456874466268, 'poisoned_loss': 0.4495336200831574, 'attack_success_rate': 0.882186616399623, 'poisoned_examples': 1171}
[92mINFO [0m:      
[92mINFO [0m:      [ROUND 36/40]
[92mINFO [0m:      configure_train: Sampled 6 nodes (out of 10)
[92mINFO [0m:      aggregate_train: Received 6 results and 0 failures
[92mINFO [0m:      	└──> Aggregated MetricRecord: {'train_loss': 0.6037748343710898, 'nonfinite_updates_filtered': 0, 'foolsgold_mean_weight': 0.16666666666666666, 'foolsgold_weight_std': 0.25332936122318295, 'foolsgold_weight_min': 0.007976944316999086, 'foolsgold_weight_max': 0.7244498320158318, 'foolsgold_robust': 0, 'foolsgold_weight_entropy': 0.9212001776426113}
[92mINFO [0m:      configure_evaluate: Sampled 10 nodes (out of 10)
[92mINFO [0m:      aggregate_evaluate: Received 10 results and 0 failures
[92mINFO [0m:      	└──> Aggregated MetricRecord: {'eval_loss': 1.470233502758274, 'eval_acc': 0.6412793603198402}
[92mINFO [0m:      Global evaluation
[92mINFO [0m:      	└──> MetricRecord: {'accuracy': 0.6411, 'loss': 1.50196943705595, 'poisoned_accuracy': 0.730999146029035, 'poisoned_loss': 2.000746396211963, 'attack_success_rate': 0.7078228086710651, 'poisoned_examples': 1171}
[92mINFO [0m:      
[92mINFO [0m:      [ROUND 37/40]
[92mINFO [0m:      configure_train: Sampled 6 nodes (out of 10)
[92mINFO [0m:      aggregate_train: Received 6 results and 0 failures
[92mINFO [0m:      	└──> Aggregated MetricRecord: {'train_loss': 0.4690107055281336, 'nonfinite_updates_filtered': 0, 'foolsgold_mean_weight': 0.16666666666666666, 'foolsgold_weight_std': 0.27347163586041273, 'foolsgold_weight_min': 0.0, 'foolsgold_weight_max': 0.7630159845032043, 'foolsgold_robust': 0, 'foolsgold_weight_entropy': 0.7227978412862079}
[92mINFO [0m:      configure_evaluate: Sampled 10 nodes (out of 10)
[92mINFO [0m:      aggregate_evaluate: Received 10 results and 0 failures
[92mINFO [0m:      	└──> Aggregated MetricRecord: {'eval_loss': 1.6178062317072701, 'eval_acc': 0.6291854072963519}
[92mINFO [0m:      Global evaluation
[92mINFO [0m:      	└──> MetricRecord: {'accuracy': 0.6259, 'loss': 1.6432138983207414, 'poisoned_accuracy': 0.7284372331340735, 'poisoned_loss': 2.1798731822116473, 'attack_success_rate': 0.705937794533459, 'poisoned_examples': 1171}
[92mINFO [0m:      
[92mINFO [0m:      [ROUND 38/40]
[92mINFO [0m:      configure_train: Sampled 6 nodes (out of 10)
[92mINFO [0m:      aggregate_train: Received 6 results and 0 failures
[92mINFO [0m:      	└──> Aggregated MetricRecord: {'train_loss': 0.6216940115958371, 'nonfinite_updates_filtered': 0, 'foolsgold_mean_weight': 0.16666666666666666, 'foolsgold_weight_std': 0.3093285441223903, 'foolsgold_weight_min': 0.019114709595058444, 'foolsgold_weight_max': 0.8577781254427006, 'foolsgold_robust': 0, 'foolsgold_weight_entropy': 0.6236955751197972}
[92mINFO [0m:      configure_evaluate: Sampled 10 nodes (out of 10)
[92mINFO [0m:      aggregate_evaluate: Received 10 results and 0 failures
[92mINFO [0m:      	└──> Aggregated MetricRecord: {'eval_loss': 1.5408594697416615, 'eval_acc': 0.5698150924537732}
[92mINFO [0m:      Global evaluation
[92mINFO [0m:      	└──> MetricRecord: {'accuracy': 0.5584, 'loss': 1.582909016669551, 'poisoned_accuracy': 0.9513236549957301, 'poisoned_loss': 0.18685048065666446, 'attack_success_rate': 0.9472196041470311, 'poisoned_examples': 1171}
[92mINFO [0m:      
[92mINFO [0m:      [ROUND 39/40]
[92mINFO [0m:      configure_train: Sampled 6 nodes (out of 10)
[92mINFO [0m:      aggregate_train: Received 6 results and 0 failures
[92mINFO [0m:      	└──> Aggregated MetricRecord: {'train_loss': 0.4901759444916452, 'nonfinite_updates_filtered': 0, 'foolsgold_mean_weight': 0.16666666666666666, 'foolsgold_weight_std': 0.27108638340681235, 'foolsgold_weight_min': 0.0, 'foolsgold_weight_max': 0.7654740301010646, 'foolsgold_robust': 0, 'foolsgold_weight_entropy': 0.7776965106279816}
[92mINFO [0m:      configure_evaluate: Sampled 10 nodes (out of 10)
[92mINFO [0m:      aggregate_evaluate: Received 10 results and 0 failures
[92mINFO [0m:      	└──> Aggregated MetricRecord: {'eval_loss': 1.7577064332633747, 'eval_acc': 0.5867066466766617}
[92mINFO [0m:      Global evaluation
[92mINFO [0m:      	└──> MetricRecord: {'accuracy': 0.5852, 'loss': 1.787293242502816, 'poisoned_accuracy': 0.9231426131511529, 'poisoned_loss': 0.3440340999535736, 'attack_success_rate': 0.9180018850141376, 'poisoned_examples': 1171}
[92mINFO [0m:      
[92mINFO [0m:      [ROUND 40/40]
[92mINFO [0m:      configure_train: Sampled 6 nodes (out of 10)
[92mINFO [0m:      aggregate_train: Received 6 results and 0 failures
[92mINFO [0m:      	└──> Aggregated MetricRecord: {'train_loss': 0.5669904027356741, 'nonfinite_updates_filtered': 0, 'foolsgold_mean_weight': 0.16666666666666666, 'foolsgold_weight_std': 0.2357835156140488, 'foolsgold_weight_min': 0.023563549283187234, 'foolsgold_weight_max': 0.6845440617093607, 'foolsgold_robust': 0, 'foolsgold_weight_entropy': 1.0465222043286544}
[92mINFO [0m:      configure_evaluate: Sampled 10 nodes (out of 10)
[92mINFO [0m:      aggregate_evaluate: Received 10 results and 0 failures
[92mINFO [0m:      	└──> Aggregated MetricRecord: {'eval_loss': 1.6395887997393586, 'eval_acc': 0.6196901549225386}
[92mINFO [0m:      Global evaluation
[92mINFO [0m:      	└──> MetricRecord: {'accuracy': 0.6173, 'loss': 1.6498726334752916, 'poisoned_accuracy': 0.9052092228864219, 'poisoned_loss': 0.4189386848971903, 'attack_success_rate': 0.8991517436380773, 'poisoned_examples': 1171}
[92mINFO [0m:      Saved per-round metrics CSV to results/model-replacement-foolsgold.csv
[92mINFO [0m:      
[92mINFO [0m:      Strategy execution finished in 3133.03s
[92mINFO [0m:      
[92mINFO [0m:      Final results:
[92mINFO [0m:      
[92mINFO [0m:      	Global Arrays:
[92mINFO [0m:      		ArrayRecord (1065.154 MB)
[92mINFO [0m:      	
[92mINFO [0m:      	Aggregated ClientApp-side Train Metrics:
[92mINFO [0m:      	{ 1: { 'foolsgold_mean_weight': '1.6667e-01',
[92mINFO [0m:      	       'foolsgold_robust': '0',
[92mINFO [0m:      	       'foolsgold_weight_entropy': '1.3411e+00',
[92mINFO [0m:      	       'foolsgold_weight_max': '5.7342e-01',
[92mINFO [0m:      	       'foolsgold_weight_min': '5.0819e-02',
[92mINFO [0m:      	       'foolsgold_weight_std': '1.8400e-01',
[92mINFO [0m:      	       'nonfinite_updates_filtered': '0',
[92mINFO [0m:      	       'train_loss': '1.9082e+00'},
[92mINFO [0m:      	  2: { 'foolsgold_mean_weight': '1.6667e-01',
[92mINFO [0m:      	       'foolsgold_robust': '0',
[92mINFO [0m:      	       'foolsgold_weight_entropy': '1.2503e+00',
[92mINFO [0m:      	       'foolsgold_weight_max': '6.1480e-01',
[92mINFO [0m:      	       'foolsgold_weight_min': '3.8034e-02',
[92mINFO [0m:      	       'foolsgold_weight_std': '2.0251e-01',
[92mINFO [0m:      	       'nonfinite_updates_filtered': '0',
[92mINFO [0m:      	       'train_loss': '1.8903e+00'},
[92mINFO [0m:      	  3: { 'foolsgold_mean_weight': '1.6667e-01',
[92mINFO [0m:      	       'foolsgold_robust': '0',
[92mINFO [0m:      	       'foolsgold_weight_entropy': '1.2985e+00',
[92mINFO [0m:      	       'foolsgold_weight_max': '6.0539e-01',
[92mINFO [0m:      	       'foolsgold_weight_min': '6.1913e-02',
[92mINFO [0m:      	       'foolsgold_weight_std': '1.9669e-01',
[92mINFO [0m:      	       'nonfinite_updates_filtered': '0',
[92mINFO [0m:      	       'train_loss': '1.7404e+00'},
[92mINFO [0m:      	  4: { 'foolsgold_mean_weight': '1.6667e-01',
[92mINFO [0m:      	       'foolsgold_robust': '0',
[92mINFO [0m:      	       'foolsgold_weight_entropy': '8.7215e-01',
[92mINFO [0m:      	       'foolsgold_weight_max': '7.7676e-01',
[92mINFO [0m:      	       'foolsgold_weight_min': '2.3559e-02',
[92mINFO [0m:      	       'foolsgold_weight_std': '2.7330e-01',
[92mINFO [0m:      	       'nonfinite_updates_filtered': '0',
[92mINFO [0m:      	       'train_loss': '1.6818e+00'},
[92mINFO [0m:      	  5: { 'foolsgold_mean_weight': '1.6667e-01',
[92mINFO [0m:      	       'foolsgold_robust': '0',
[92mINFO [0m:      	       'foolsgold_weight_entropy': '1.0311e+00',
[92mINFO [0m:      	       'foolsgold_weight_max': '7.2054e-01',
[92mINFO [0m:      	       'foolsgold_weight_min': '4.1597e-02',
[92mINFO [0m:      	       'foolsgold_weight_std': '2.4814e-01',
[92mINFO [0m:      	       'nonfinite_updates_filtered': '0',
[92mINFO [0m:      	       'train_loss': '1.6028e+00'},
[92mINFO [0m:      	  6: { 'foolsgold_mean_weight': '1.6667e-01',
[92mINFO [0m:      	       'foolsgold_robust': '0',
[92mINFO [0m:      	       'foolsgold_weight_entropy': '9.5794e-01',
[92mINFO [0m:      	       'foolsgold_weight_max': '7.4956e-01',
[92mINFO [0m:      	       'foolsgold_weight_min': '3.8910e-02',
[92mINFO [0m:      	       'foolsgold_weight_std': '2.6095e-01',
[92mINFO [0m:      	       'nonfinite_updates_filtered': '0',
[92mINFO [0m:      	       'train_loss': '1.5252e+00'},
[92mINFO [0m:      	  7: { 'foolsgold_mean_weight': '1.6667e-01',
[92mINFO [0m:      	       'foolsgold_robust': '0',
[92mINFO [0m:      	       'foolsgold_weight_entropy': '9.7296e-01',
[92mINFO [0m:      	       'foolsgold_weight_max': '7.3805e-01',
[92mINFO [0m:      	       'foolsgold_weight_min': '3.7116e-02',
[92mINFO [0m:      	       'foolsgold_weight_std': '2.5648e-01',
[92mINFO [0m:      	       'nonfinite_updates_filtered': '0',
[92mINFO [0m:      	       'train_loss': '1.4173e+00'},
[92mINFO [0m:      	  8: { 'foolsgold_mean_weight': '1.6667e-01',
[92mINFO [0m:      	       'foolsgold_robust': '0',
[92mINFO [0m:      	       'foolsgold_weight_entropy': '1.0153e+00',
[92mINFO [0m:      	       'foolsgold_weight_max': '6.9616e-01',
[92mINFO [0m:      	       'foolsgold_weight_min': '2.2946e-02',
[92mINFO [0m:      	       'foolsgold_weight_std': '2.4077e-01',
[92mINFO [0m:      	       'nonfinite_updates_filtered': '0',
[92mINFO [0m:      	       'train_loss': '1.2954e+00'},
[92mINFO [0m:      	  9: { 'foolsgold_mean_weight': '1.6667e-01',
[92mINFO [0m:      	       'foolsgold_robust': '0',
[92mINFO [0m:      	       'foolsgold_weight_entropy': '6.9786e-01',
[92mINFO [0m:      	       'foolsgold_weight_max': '8.3795e-01',
[92mINFO [0m:      	       'foolsgold_weight_min': '2.4887e-02',
[92mINFO [0m:      	       'foolsgold_weight_std': '3.0032e-01',
[92mINFO [0m:      	       'nonfinite_updates_filtered': '0',
[92mINFO [0m:      	       'train_loss': '1.3351e+00'},
[92mINFO [0m:      	  10: { 'foolsgold_mean_weight': '1.6667e-01',
[92mINFO [0m:      	        'foolsgold_robust': '0',
[92mINFO [0m:      	        'foolsgold_weight_entropy': '1.0423e+00',
[92mINFO [0m:      	        'foolsgold_weight_max': '6.9800e-01',
[92mINFO [0m:      	        'foolsgold_weight_min': '2.7323e-02',
[92mINFO [0m:      	        'foolsgold_weight_std': '2.4028e-01',
[92mINFO [0m:      	        'nonfinite_updates_filtered': '0',
[92mINFO [0m:      	        'train_loss': '1.1793e+00'},
[92mINFO [0m:      	  11: { 'foolsgold_mean_weight': '1.6667e-01',
[92mINFO [0m:      	        'foolsgold_robust': '0',
[92mINFO [0m:      	        'foolsgold_weight_entropy': '6.7540e-01',
[92mINFO [0m:      	        'foolsgold_weight_max': '8.3033e-01',
[92mINFO [0m:      	        'foolsgold_weight_min': '1.5050e-02',
[92mINFO [0m:      	        'foolsgold_weight_std': '2.9808e-01',
[92mINFO [0m:      	        'nonfinite_updates_filtered': '0',
[92mINFO [0m:      	        'train_loss': '1.1716e+00'},
[92mINFO [0m:      	  12: { 'foolsgold_mean_weight': '1.6667e-01',
[92mINFO [0m:      	        'foolsgold_robust': '0',
[92mINFO [0m:      	        'foolsgold_weight_entropy': '1.1257e+00',
[92mINFO [0m:      	        'foolsgold_weight_max': '6.3223e-01',
[92mINFO [0m:      	        'foolsgold_weight_min': '1.2316e-02',
[92mINFO [0m:      	        'foolsgold_weight_std': '2.1466e-01',
[92mINFO [0m:      	        'nonfinite_updates_filtered': '0',
[92mINFO [0m:      	        'train_loss': '1.1077e+00'},
[92mINFO [0m:      	  13: { 'foolsgold_mean_weight': '1.6667e-01',
[92mINFO [0m:      	        'foolsgold_robust': '0',
[92mINFO [0m:      	        'foolsgold_weight_entropy': '1.1000e+00',
[92mINFO [0m:      	        'foolsgold_weight_max': '6.7034e-01',
[92mINFO [0m:      	        'foolsgold_weight_min': '2.2266e-02',
[92mINFO [0m:      	        'foolsgold_weight_std': '2.2816e-01',
[92mINFO [0m:      	        'nonfinite_updates_filtered': '0',
[92mINFO [0m:      	        'train_loss': '1.0910e+00'},
[92mINFO [0m:      	  14: { 'foolsgold_mean_weight': '1.6667e-01',
[92mINFO [0m:      	        'foolsgold_robust': '0',
[92mINFO [0m:      	        'foolsgold_weight_entropy': '9.8054e-01',
[92mINFO [0m:      	        'foolsgold_weight_max': '7.2465e-01',
[92mINFO [0m:      	        'foolsgold_weight_min': '2.2942e-02',
[92mINFO [0m:      	        'foolsgold_weight_std': '2.5142e-01',
[92mINFO [0m:      	        'nonfinite_updates_filtered': '0',
[92mINFO [0m:      	        'train_loss': '1.0619e+00'},
[92mINFO [0m:      	  15: { 'foolsgold_mean_weight': '1.6667e-01',
[92mINFO [0m:      	        'foolsgold_robust': '0',
[92mINFO [0m:      	        'foolsgold_weight_entropy': '9.6183e-01',
[92mINFO [0m:      	        'foolsgold_weight_max': '7.2490e-01',
[92mINFO [0m:      	        'foolsgold_weight_min': '1.4191e-02',
[92mINFO [0m:      	        'foolsgold_weight_std': '2.5194e-01',
[92mINFO [0m:      	        'nonfinite_updates_filtered': '0',
[92mINFO [0m:      	        'train_loss': '1.0612e+00'},
[92mINFO [0m:      	  16: { 'foolsgold_mean_weight': '1.6667e-01',
[92mINFO [0m:      	        'foolsgold_robust': '0',
[92mINFO [0m:      	        'foolsgold_weight_entropy': '7.9402e-01',
[92mINFO [0m:      	        'foolsgold_weight_max': '7.8721e-01',
[92mINFO [0m:      	        'foolsgold_weight_min': '2.2193e-02',
[92mINFO [0m:      	        'foolsgold_weight_std': '2.7968e-01',
[92mINFO [0m:      	        'nonfinite_updates_filtered': '0',
[92mINFO [0m:      	        'train_loss': '9.7174e-01'},
[92mINFO [0m:      	  17: { 'foolsgold_mean_weight': '1.6667e-01',
[92mINFO [0m:      	        'foolsgold_robust': '0',
[92mINFO [0m:      	        'foolsgold_weight_entropy': '9.4570e-01',
[92mINFO [0m:      	        'foolsgold_weight_max': '7.3441e-01',
[92mINFO [0m:      	        'foolsgold_weight_min': '2.0688e-02',
[92mINFO [0m:      	        'foolsgold_weight_std': '2.5618e-01',
[92mINFO [0m:      	        'nonfinite_updates_filtered': '0',
[92mINFO [0m:      	        'train_loss': '1.0356e+00'},
[92mINFO [0m:      	  18: { 'foolsgold_mean_weight': '1.6667e-01',
[92mINFO [0m:      	        'foolsgold_robust': '0',
[92mINFO [0m:      	        'foolsgold_weight_entropy': '9.2250e-01',
[92mINFO [0m:      	        'foolsgold_weight_max': '7.3106e-01',
[92mINFO [0m:      	        'foolsgold_weight_min': '9.8628e-03',
[92mINFO [0m:      	        'foolsgold_weight_std': '2.5543e-01',
[92mINFO [0m:      	        'nonfinite_updates_filtered': '0',
[92mINFO [0m:      	        'train_loss': '9.3659e-01'},
[92mINFO [0m:      	  19: { 'foolsgold_mean_weight': '1.6667e-01',
[92mINFO [0m:      	        'foolsgold_robust': '0',
[92mINFO [0m:      	        'foolsgold_weight_entropy': '9.1077e-01',
[92mINFO [0m:      	        'foolsgold_weight_max': '7.4167e-01',
[92mINFO [0m:      	        'foolsgold_weight_min': '8.6109e-03',
[92mINFO [0m:      	        'foolsgold_weight_std': '2.5918e-01',
[92mINFO [0m:      	        'nonfinite_updates_filtered': '0',
[92mINFO [0m:      	        'train_loss': '8.1329e-01'},
[92mINFO [0m:      	  20: { 'foolsgold_mean_weight': '1.6667e-01',
[92mINFO [0m:      	        'foolsgold_robust': '0',
[92mINFO [0m:      	        'foolsgold_weight_entropy': '8.5886e-01',
[92mINFO [0m:      	        'foolsgold_weight_max': '7.7492e-01',
[92mINFO [0m:      	        'foolsgold_weight_min': '1.8547e-02',
[92mINFO [0m:      	        'foolsgold_weight_std': '2.7300e-01',
[92mINFO [0m:      	        'nonfinite_updates_filtered': '0',
[92mINFO [0m:      	        'train_loss': '8.4910e-01'},
[92mINFO [0m:      	  21: { 'foolsgold_mean_weight': '1.6667e-01',
[92mINFO [0m:      	        'foolsgold_robust': '0',
[92mINFO [0m:      	        'foolsgold_weight_entropy': '7.5299e-01',
[92mINFO [0m:      	        'foolsgold_weight_max': '7.8567e-01',
[92mINFO [0m:      	        'foolsgold_weight_min': '7.4427e-03',
[92mINFO [0m:      	        'foolsgold_weight_std': '2.7978e-01',
[92mINFO [0m:      	        'nonfinite_updates_filtered': '0',
[92mINFO [0m:      	        'train_loss': '8.1131e-01'},
[92mINFO [0m:      	  22: { 'foolsgold_mean_weight': '1.6667e-01',
[92mINFO [0m:      	        'foolsgold_robust': '0',
[92mINFO [0m:      	        'foolsgold_weight_entropy': '7.7122e-01',
[92mINFO [0m:      	        'foolsgold_weight_max': '8.1003e-01',
[92mINFO [0m:      	        'foolsgold_weight_min': '2.1262e-02',
[92mINFO [0m:      	        'foolsgold_weight_std': '2.8819e-01',
[92mINFO [0m:      	        'nonfinite_updates_filtered': '0',
[92mINFO [0m:      	        'train_loss': '8.8593e-01'},
[92mINFO [0m:      	  23: { 'foolsgold_mean_weight': '1.6667e-01',
[92mINFO [0m:      	        'foolsgold_robust': '0',
[92mINFO [0m:      	        'foolsgold_weight_entropy': '1.1571e+00',
[92mINFO [0m:      	        'foolsgold_weight_max': '4.3731e-01',
[92mINFO [0m:      	        'foolsgold_weight_min': '2.8592e-02',
[92mINFO [0m:      	        'foolsgold_weight_std': '1.9139e-01',
[92mINFO [0m:      	        'nonfinite_updates_filtered': '0',
[92mINFO [0m:      	        'train_loss': '8.5442e-01'},
[92mINFO [0m:      	  24: { 'foolsgold_mean_weight': '1.6667e-01',
[92mINFO [0m:      	        'foolsgold_robust': '0',
[92mINFO [0m:      	        'foolsgold_weight_entropy': '9.0791e-01',
[92mINFO [0m:      	        'foolsgold_weight_max': '7.3815e-01',
[92mINFO [0m:      	        'foolsgold_weight_min': '1.7731e-02',
[92mINFO [0m:      	        'foolsgold_weight_std': '2.5920e-01',
[92mINFO [0m:      	        'nonfinite_updates_filtered': '0',
[92mINFO [0m:      	        'train_loss': '6.8839e-01'},
[92mINFO [0m:      	  25: { 'foolsgold_mean_weight': '1.6667e-01',
[92mINFO [0m:      	        'foolsgold_robust': '0',
[92mINFO [0m:      	        'foolsgold_weight_entropy': '8.3835e-01',
[92mINFO [0m:      	        'foolsgold_weight_max': '7.0855e-01',
[92mINFO [0m:      	        'foolsgold_weight_min': '6.2625e-03',
[92mINFO [0m:      	        'foolsgold_weight_std': '2.5411e-01',
[92mINFO [0m:      	        'nonfinite_updates_filtered': '0',
[92mINFO [0m:      	        'train_loss': '6.8404e-01'},
[92mINFO [0m:      	  26: { 'foolsgold_mean_weight': '1.6667e-01',
[92mINFO [0m:      	        'foolsgold_robust': '0',
[92mINFO [0m:      	        'foolsgold_weight_entropy': '8.7163e-01',
[92mINFO [0m:      	        'foolsgold_weight_max': '7.7490e-01',
[92mINFO [0m:      	        'foolsgold_weight_min': '2.3046e-02',
[92mINFO [0m:      	        'foolsgold_weight_std': '2.7267e-01',
[92mINFO [0m:      	        'nonfinite_updates_filtered': '0',
[92mINFO [0m:      	        'train_loss': '7.5642e-01'},
[92mINFO [0m:      	  27: { 'foolsgold_mean_weight': '1.6667e-01',
[92mINFO [0m:      	        'foolsgold_robust': '0',
[92mINFO [0m:      	        'foolsgold_weight_entropy': '5.4233e-01',
[92mINFO [0m:      	        'foolsgold_weight_max': '8.1404e-01',
[92mINFO [0m:      	        'foolsgold_weight_min': '3.3557e-04',
[92mINFO [0m:      	        'foolsgold_weight_std': '2.9599e-01',
[92mINFO [0m:      	        'nonfinite_updates_filtered': '0',
[92mINFO [0m:      	        'train_loss': '7.5563e-01'},
[92mINFO [0m:      	  28: { 'foolsgold_mean_weight': '1.6667e-01',
[92mINFO [0m:      	        'foolsgold_robust': '0',
[92mINFO [0m:      	        'foolsgold_weight_entropy': '5.2666e-01',
[92mINFO [0m:      	        'foolsgold_weight_max': '8.1921e-01',
[92mINFO [0m:      	        'foolsgold_weight_min': '0.0000e+00',
[92mINFO [0m:      	        'foolsgold_weight_std': '2.9801e-01',
[92mINFO [0m:      	        'nonfinite_updates_filtered': '0',
[92mINFO [0m:      	        'train_loss': '6.3988e-01'},
[92mINFO [0m:      	  29: { 'foolsgold_mean_weight': '1.6667e-01',
[92mINFO [0m:      	        'foolsgold_robust': '0',
[92mINFO [0m:      	        'foolsgold_weight_entropy': '9.6084e-01',
[92mINFO [0m:      	        'foolsgold_weight_max': '6.7220e-01',
[92mINFO [0m:      	        'foolsgold_weight_min': '8.5037e-03',
[92mINFO [0m:      	        'foolsgold_weight_std': '2.3727e-01',
[92mINFO [0m:      	        'nonfinite_updates_filtered': '0',
[92mINFO [0m:      	        'train_loss': '7.7468e-01'},
[92mINFO [0m:      	  30: { 'foolsgold_mean_weight': '1.6667e-01',
[92mINFO [0m:      	        'foolsgold_robust': '0',
[92mINFO [0m:      	        'foolsgold_weight_entropy': '1.1239e+00',
[92mINFO [0m:      	        'foolsgold_weight_max': '6.6806e-01',
[92mINFO [0m:      	        'foolsgold_weight_min': '3.4214e-02',
[92mINFO [0m:      	        'foolsgold_weight_std': '2.2671e-01',
[92mINFO [0m:      	        'nonfinite_updates_filtered': '0',
[92mINFO [0m:      	        'train_loss': '7.9787e-01'},
[92mINFO [0m:      	  31: { 'foolsgold_mean_weight': '1.6667e-01',
[92mINFO [0m:      	        'foolsgold_robust': '0',
[92mINFO [0m:      	        'foolsgold_weight_entropy': '8.2062e-01',
[92mINFO [0m:      	        'foolsgold_weight_max': '7.8988e-01',
[92mINFO [0m:      	        'foolsgold_weight_min': '1.5929e-02',
[92mINFO [0m:      	        'foolsgold_weight_std': '2.7942e-01',
[92mINFO [0m:      	        'nonfinite_updates_filtered': '0',
[92mINFO [0m:      	        'train_loss': '5.5356e-01'},
[92mINFO [0m:      	  32: { 'foolsgold_mean_weight': '1.6667e-01',
[92mINFO [0m:      	        'foolsgold_robust': '0',
[92mINFO [0m:      	        'foolsgold_weight_entropy': '9.0582e-01',
[92mINFO [0m:      	        'foolsgold_weight_max': '7.1280e-01',
[92mINFO [0m:      	        'foolsgold_weight_min': '1.7450e-02',
[92mINFO [0m:      	        'foolsgold_weight_std': '2.5214e-01',
[92mINFO [0m:      	        'nonfinite_updates_filtered': '0',
[92mINFO [0m:      	        'train_loss': '5.7632e-01'},
[92mINFO [0m:      	  33: { 'foolsgold_mean_weight': '1.6667e-01',
[92mINFO [0m:      	        'foolsgold_robust': '0',
[92mINFO [0m:      	        'foolsgold_weight_entropy': '6.2136e-01',
[92mINFO [0m:      	        'foolsgold_weight_max': '8.5826e-01',
[92mINFO [0m:      	        'foolsgold_weight_min': '1.7318e-02',
[92mINFO [0m:      	        'foolsgold_weight_std': '3.0955e-01',
[92mINFO [0m:      	        'nonfinite_updates_filtered': '0',
[92mINFO [0m:      	        'train_loss': '7.1206e-01'},
[92mINFO [0m:      	  34: { 'foolsgold_mean_weight': '1.6667e-01',
[92mINFO [0m:      	        'foolsgold_robust': '0',
[92mINFO [0m:      	        'foolsgold_weight_entropy': '1.0440e+00',
[92mINFO [0m:      	        'foolsgold_weight_max': '6.5931e-01',
[92mINFO [0m:      	        'foolsgold_weight_min': '1.0725e-02',
[92mINFO [0m:      	        'foolsgold_weight_std': '2.2729e-01',
[92mINFO [0m:      	        'nonfinite_updates_filtered': '0',
[92mINFO [0m:      	        'train_loss': '6.4854e-01'},
[92mINFO [0m:      	  35: { 'foolsgold_mean_weight': '1.6667e-01',
[92mINFO [0m:      	        'foolsgold_robust': '0',
[92mINFO [0m:      	        'foolsgold_weight_entropy': '9.1667e-01',
[92mINFO [0m:      	        'foolsgold_weight_max': '7.2101e-01',
[92mINFO [0m:      	        'foolsgold_weight_min': '1.8629e-02',
[92mINFO [0m:      	        'foolsgold_weight_std': '2.5385e-01',
[92mINFO [0m:      	        'nonfinite_updates_filtered': '0',
[92mINFO [0m:      	        'train_loss': '5.1254e-01'},
[92mINFO [0m:      	  36: { 'foolsgold_mean_weight': '1.6667e-01',
[92mINFO [0m:      	        'foolsgold_robust': '0',
[92mINFO [0m:      	        'foolsgold_weight_entropy': '9.2120e-01',
[92mINFO [0m:      	        'foolsgold_weight_max': '7.2445e-01',
[92mINFO [0m:      	        'foolsgold_weight_min': '7.9769e-03',
[92mINFO [0m:      	        'foolsgold_weight_std': '2.5333e-01',
[92mINFO [0m:      	        'nonfinite_updates_filtered': '0',
[92mINFO [0m:      	        'train_loss': '6.0377e-01'},
[92mINFO [0m:      	  37: { 'foolsgold_mean_weight': '1.6667e-01',
[92mINFO [0m:      	        'foolsgold_robust': '0',
[92mINFO [0m:      	        'foolsgold_weight_entropy': '7.2280e-01',
[92mINFO [0m:      	        'foolsgold_weight_max': '7.6302e-01',
[92mINFO [0m:      	        'foolsgold_weight_min': '0.0000e+00',
[92mINFO [0m:      	        'foolsgold_weight_std': '2.7347e-01',
[92mINFO [0m:      	        'nonfinite_updates_filtered': '0',
[92mINFO [0m:      	        'train_loss': '4.6901e-01'},
[92mINFO [0m:      	  38: { 'foolsgold_mean_weight': '1.6667e-01',
[92mINFO [0m:      	        'foolsgold_robust': '0',
[92mINFO [0m:      	        'foolsgold_weight_entropy': '6.2370e-01',
[92mINFO [0m:      	        'foolsgold_weight_max': '8.5778e-01',
[92mINFO [0m:      	        'foolsgold_weight_min': '1.9115e-02',
[92mINFO [0m:      	        'foolsgold_weight_std': '3.0933e-01',
[92mINFO [0m:      	        'nonfinite_updates_filtered': '0',
[92mINFO [0m:      	        'train_loss': '6.2169e-01'},
[92mINFO [0m:      	  39: { 'foolsgold_mean_weight': '1.6667e-01',
[92mINFO [0m:      	        'foolsgold_robust': '0',
[92mINFO [0m:      	        'foolsgold_weight_entropy': '7.7770e-01',
[92mINFO [0m:      	        'foolsgold_weight_max': '7.6547e-01',
[92mINFO [0m:      	        'foolsgold_weight_min': '0.0000e+00',
[92mINFO [0m:      	        'foolsgold_weight_std': '2.7109e-01',
[92mINFO [0m:      	        'nonfinite_updates_filtered': '0',
[92mINFO [0m:      	        'train_loss': '4.9018e-01'},
[92mINFO [0m:      	  40: { 'foolsgold_mean_weight': '1.6667e-01',
[92mINFO [0m:      	        'foolsgold_robust': '0',
[92mINFO [0m:      	        'foolsgold_weight_entropy': '1.0465e+00',
[92mINFO [0m:      	        'foolsgold_weight_max': '6.8454e-01',
[92mINFO [0m:      	        'foolsgold_weight_min': '2.3564e-02',
[92mINFO [0m:      	        'foolsgold_weight_std': '2.3578e-01',
[92mINFO [0m:      	        'nonfinite_updates_filtered': '0',
[92mINFO [0m:      	        'train_loss': '5.6699e-01'}}
[92mINFO [0m:      	
[92mINFO [0m:      	Aggregated ClientApp-side Evaluate Metrics:
[92mINFO [0m:      	{ 1: {'eval_acc': '9.6652e-02', 'eval_loss': '2.3527e+00'},
[92mINFO [0m:      	  2: {'eval_acc': '1.0135e-01', 'eval_loss': '2.3189e+00'},
[92mINFO [0m:      	  3: {'eval_acc': '1.5302e-01', 'eval_loss': '2.1796e+00'},
[92mINFO [0m:      	  4: {'eval_acc': '2.2159e-01', 'eval_loss': '2.0235e+00'},
[92mINFO [0m:      	  5: {'eval_acc': '2.6217e-01', 'eval_loss': '1.9968e+00'},
[92mINFO [0m:      	  6: {'eval_acc': '2.8776e-01', 'eval_loss': '2.0310e+00'},
[92mINFO [0m:      	  7: {'eval_acc': '3.4953e-01', 'eval_loss': '1.7781e+00'},
[92mINFO [0m:      	  8: {'eval_acc': '3.7601e-01', 'eval_loss': '1.7775e+00'},
[92mINFO [0m:      	  9: {'eval_acc': '3.6682e-01', 'eval_loss': '1.7286e+00'},
[92mINFO [0m:      	  10: {'eval_acc': '4.2179e-01', 'eval_loss': '1.6250e+00'},
[92mINFO [0m:      	  11: {'eval_acc': '4.2019e-01', 'eval_loss': '1.5757e+00'},
[92mINFO [0m:      	  12: {'eval_acc': '4.5147e-01', 'eval_loss': '1.4752e+00'},
[92mINFO [0m:      	  13: {'eval_acc': '4.6907e-01', 'eval_loss': '1.5446e+00'},
[92mINFO [0m:      	  14: {'eval_acc': '4.7346e-01', 'eval_loss': '1.4782e+00'},
[92mINFO [0m:      	  15: {'eval_acc': '4.3618e-01', 'eval_loss': '1.7959e+00'},
[92mINFO [0m:      	  16: {'eval_acc': '4.9635e-01', 'eval_loss': '1.5175e+00'},
[92mINFO [0m:      	  17: {'eval_acc': '4.7186e-01', 'eval_loss': '1.9929e+00'},
[92mINFO [0m:      	  18: {'eval_acc': '5.2744e-01', 'eval_loss': '1.3754e+00'},
[92mINFO [0m:      	  19: {'eval_acc': '5.7221e-01', 'eval_loss': '1.3358e+00'},
[92mINFO [0m:      	  20: {'eval_acc': '5.3263e-01', 'eval_loss': '1.5629e+00'},
[92mINFO [0m:      	  21: {'eval_acc': '5.4853e-01', 'eval_loss': '1.4615e+00'},
[92mINFO [0m:      	  22: {'eval_acc': '4.6177e-01', 'eval_loss': '2.0415e+00'},
[92mINFO [0m:      	  23: {'eval_acc': '6.0430e-01', 'eval_loss': '1.2204e+00'},
[92mINFO [0m:      	  24: {'eval_acc': '6.1379e-01', 'eval_loss': '1.3576e+00'},
[92mINFO [0m:      	  25: {'eval_acc': '6.2179e-01', 'eval_loss': '1.3846e+00'},
[92mINFO [0m:      	  26: {'eval_acc': '5.0945e-01', 'eval_loss': '2.0453e+00'},
[92mINFO [0m:      	  27: {'eval_acc': '5.8451e-01', 'eval_loss': '1.6634e+00'},
[92mINFO [0m:      	  28: {'eval_acc': '5.9030e-01', 'eval_loss': '1.6320e+00'},
[92mINFO [0m:      	  29: {'eval_acc': '5.5482e-01', 'eval_loss': '1.6943e+00'},
[92mINFO [0m:      	  30: {'eval_acc': '5.9940e-01', 'eval_loss': '1.2818e+00'},
[92mINFO [0m:      	  31: {'eval_acc': '5.5012e-01', 'eval_loss': '2.2728e+00'},
[92mINFO [0m:      	  32: {'eval_acc': '6.2869e-01', 'eval_loss': '1.5679e+00'},
[92mINFO [0m:      	  33: {'eval_acc': '5.4543e-01', 'eval_loss': '1.7023e+00'},
[92mINFO [0m:      	  34: {'eval_acc': '6.5247e-01', 'eval_loss': '1.2042e+00'},
[92mINFO [0m:      	  35: {'eval_acc': '5.6992e-01', 'eval_loss': '2.0424e+00'},
[92mINFO [0m:      	  36: {'eval_acc': '6.4128e-01', 'eval_loss': '1.4702e+00'},
[92mINFO [0m:      	  37: {'eval_acc': '6.2919e-01', 'eval_loss': '1.6178e+00'},
[92mINFO [0m:      	  38: {'eval_acc': '5.6982e-01', 'eval_loss': '1.5409e+00'},
[92mINFO [0m:      	  39: {'eval_acc': '5.8671e-01', 'eval_loss': '1.7577e+00'},
[92mINFO [0m:      	  40: {'eval_acc': '6.1969e-01', 'eval_loss': '1.6396e+00'}}
[92mINFO [0m:      	
[92mINFO [0m:      	ServerApp-side Evaluate Metrics:
[92mINFO [0m:      	{ 0: { 'accuracy': '9.6800e-02',
[92mINFO [0m:      	       'attack_success_rate': '6.8238e-01',
[92mINFO [0m:      	       'loss': '2.3030e+00',
[92mINFO [0m:      	       'poisoned_accuracy': '6.6524e-01',
[92mINFO [0m:      	       'poisoned_examples': '1171',
[92mINFO [0m:      	       'poisoned_loss': '2.2831e+00'},
[92mINFO [0m:      	  1: { 'accuracy': '1.0000e-01',
[92mINFO [0m:      	       'attack_success_rate': '0.0000e+00',
[92mINFO [0m:      	       'loss': '2.3513e+00',
[92mINFO [0m:      	       'poisoned_accuracy': '0.0000e+00',
[92mINFO [0m:      	       'poisoned_examples': '1171',
[92mINFO [0m:      	       'poisoned_loss': '2.4730e+00'},
[92mINFO [0m:      	  2: { 'accuracy': '1.0400e-01',
[92mINFO [0m:      	       'attack_success_rate': '0.0000e+00',
[92mINFO [0m:      	       'loss': '2.3186e+00',
[92mINFO [0m:      	       'poisoned_accuracy': '0.0000e+00',
[92mINFO [0m:      	       'poisoned_examples': '1171',
[92mINFO [0m:      	       'poisoned_loss': '2.5709e+00'},
[92mINFO [0m:      	  3: { 'accuracy': '1.5180e-01',
[92mINFO [0m:      	       'attack_success_rate': '0.0000e+00',
[92mINFO [0m:      	       'loss': '2.1737e+00',
[92mINFO [0m:      	       'poisoned_accuracy': '0.0000e+00',
[92mINFO [0m:      	       'poisoned_examples': '1171',
[92mINFO [0m:      	       'poisoned_loss': '2.8260e+00'},
[92mINFO [0m:      	  4: { 'accuracy': '2.2540e-01',
[92mINFO [0m:      	       'attack_success_rate': '0.0000e+00',
[92mINFO [0m:      	       'loss': '2.0144e+00',
[92mINFO [0m:      	       'poisoned_accuracy': '0.0000e+00',
[92mINFO [0m:      	       'poisoned_examples': '1171',
[92mINFO [0m:      	       'poisoned_loss': '3.4724e+00'},
[92mINFO [0m:      	  5: { 'accuracy': '2.6570e-01',
[92mINFO [0m:      	       'attack_success_rate': '0.0000e+00',
[92mINFO [0m:      	       'loss': '1.9822e+00',
[92mINFO [0m:      	       'poisoned_accuracy': '0.0000e+00',
[92mINFO [0m:      	       'poisoned_examples': '1171',
[92mINFO [0m:      	       'poisoned_loss': '2.6697e+00'},
[92mINFO [0m:      	  6: { 'accuracy': '2.9180e-01',
[92mINFO [0m:      	       'attack_success_rate': '0.0000e+00',
[92mINFO [0m:      	       'loss': '2.0103e+00',
[92mINFO [0m:      	       'poisoned_accuracy': '0.0000e+00',
[92mINFO [0m:      	       'poisoned_examples': '1171',
[92mINFO [0m:      	       'poisoned_loss': '3.1066e+00'},
[92mINFO [0m:      	  7: { 'accuracy': '3.4940e-01',
[92mINFO [0m:      	       'attack_success_rate': '0.0000e+00',
[92mINFO [0m:      	       'loss': '1.7737e+00',
[92mINFO [0m:      	       'poisoned_accuracy': '0.0000e+00',
[92mINFO [0m:      	       'poisoned_examples': '1171',
[92mINFO [0m:      	       'poisoned_loss': '2.7691e+00'},
[92mINFO [0m:      	  8: { 'accuracy': '3.7670e-01',
[92mINFO [0m:      	       'attack_success_rate': '1.0368e-02',
[92mINFO [0m:      	       'loss': '1.7675e+00',
[92mINFO [0m:      	       'poisoned_accuracy': '9.3937e-03',
[92mINFO [0m:      	       'poisoned_examples': '1171',
[92mINFO [0m:      	       'poisoned_loss': '3.3377e+00'},
[92mINFO [0m:      	  9: { 'accuracy': '3.7390e-01',
[92mINFO [0m:      	       'attack_success_rate': '0.0000e+00',
[92mINFO [0m:      	       'loss': '1.7323e+00',
[92mINFO [0m:      	       'poisoned_accuracy': '0.0000e+00',
[92mINFO [0m:      	       'poisoned_examples': '1171',
[92mINFO [0m:      	       'poisoned_loss': '4.8439e+00'},
[92mINFO [0m:      	  10: { 'accuracy': '4.2880e-01',
[92mINFO [0m:      	        'attack_success_rate': '2.3563e-02',
[92mINFO [0m:      	        'loss': '1.6290e+00',
[92mINFO [0m:      	        'poisoned_accuracy': '3.7575e-02',
[92mINFO [0m:      	        'poisoned_examples': '1171',
[92mINFO [0m:      	        'poisoned_loss': '3.8882e+00'},
[92mINFO [0m:      	  11: { 'accuracy': '4.2140e-01',
[92mINFO [0m:      	        'attack_success_rate': '4.7125e-03',
[92mINFO [0m:      	        'loss': '1.5800e+00',
[92mINFO [0m:      	        'poisoned_accuracy': '1.8787e-02',
[92mINFO [0m:      	        'poisoned_examples': '1171',
[92mINFO [0m:      	        'poisoned_loss': '4.5461e+00'},
[92mINFO [0m:      	  12: { 'accuracy': '4.4510e-01',
[92mINFO [0m:      	        'attack_success_rate': '8.4826e-03',
[92mINFO [0m:      	        'loss': '1.4751e+00',
[92mINFO [0m:      	        'poisoned_accuracy': '2.0495e-02',
[92mINFO [0m:      	        'poisoned_examples': '1171',
[92mINFO [0m:      	        'poisoned_loss': '4.3776e+00'},
[92mINFO [0m:      	  13: { 'accuracy': '4.8170e-01',
[92mINFO [0m:      	        'attack_success_rate': '4.7125e-02',
[92mINFO [0m:      	        'loss': '1.5427e+00',
[92mINFO [0m:      	        'poisoned_accuracy': '8.8813e-02',
[92mINFO [0m:      	        'poisoned_examples': '1171',
[92mINFO [0m:      	        'poisoned_loss': '4.4643e+00'},
[92mINFO [0m:      	  14: { 'accuracy': '4.7820e-01',
[92mINFO [0m:      	        'attack_success_rate': '4.2413e-02',
[92mINFO [0m:      	        'loss': '1.4735e+00',
[92mINFO [0m:      	        'poisoned_accuracy': '7.6857e-02',
[92mINFO [0m:      	        'poisoned_examples': '1171',
[92mINFO [0m:      	        'poisoned_loss': '4.2605e+00'},
[92mINFO [0m:      	  15: { 'accuracy': '4.3190e-01',
[92mINFO [0m:      	        'attack_success_rate': '3.7700e-02',
[92mINFO [0m:      	        'loss': '1.8029e+00',
[92mINFO [0m:      	        'poisoned_accuracy': '8.5397e-02',
[92mINFO [0m:      	        'poisoned_examples': '1171',
[92mINFO [0m:      	        'poisoned_loss': '2.3711e+00'},
[92mINFO [0m:      	  16: { 'accuracy': '4.9420e-01',
[92mINFO [0m:      	        'attack_success_rate': '5.6550e-02',
[92mINFO [0m:      	        'loss': '1.5129e+00',
[92mINFO [0m:      	        'poisoned_accuracy': '1.0504e-01',
[92mINFO [0m:      	        'poisoned_examples': '1171',
[92mINFO [0m:      	        'poisoned_loss': '4.0662e+00'},
[92mINFO [0m:      	  17: { 'accuracy': '4.7190e-01',
[92mINFO [0m:      	        'attack_success_rate': '4.9953e-02',
[92mINFO [0m:      	        'loss': '1.9859e+00',
[92mINFO [0m:      	        'poisoned_accuracy': '1.0675e-01',
[92mINFO [0m:      	        'poisoned_examples': '1171',
[92mINFO [0m:      	        'poisoned_loss': '2.3518e+00'},
[92mINFO [0m:      	  18: { 'accuracy': '5.3090e-01',
[92mINFO [0m:      	        'attack_success_rate': '6.1263e-02',
[92mINFO [0m:      	        'loss': '1.3900e+00',
[92mINFO [0m:      	        'poisoned_accuracy': '1.2468e-01',
[92mINFO [0m:      	        'poisoned_examples': '1171',
[92mINFO [0m:      	        'poisoned_loss': '4.1175e+00'},
[92mINFO [0m:      	  19: { 'accuracy': '5.7400e-01',
[92mINFO [0m:      	        'attack_success_rate': '2.5448e-02',
[92mINFO [0m:      	        'loss': '1.3543e+00',
[92mINFO [0m:      	        'poisoned_accuracy': '8.1127e-02',
[92mINFO [0m:      	        'poisoned_examples': '1171',
[92mINFO [0m:      	        'poisoned_loss': '5.1132e+00'},
[92mINFO [0m:      	  20: { 'accuracy': '5.2970e-01',
[92mINFO [0m:      	        'attack_success_rate': '2.6390e-02',
[92mINFO [0m:      	        'loss': '1.5889e+00',
[92mINFO [0m:      	        'poisoned_accuracy': '7.5149e-02',
[92mINFO [0m:      	        'poisoned_examples': '1171',
[92mINFO [0m:      	        'poisoned_loss': '5.7118e+00'},
[92mINFO [0m:      	  21: { 'accuracy': '5.4760e-01',
[92mINFO [0m:      	        'attack_success_rate': '4.5240e-02',
[92mINFO [0m:      	        'loss': '1.4831e+00',
[92mINFO [0m:      	        'poisoned_accuracy': '1.0504e-01',
[92mINFO [0m:      	        'poisoned_examples': '1171',
[92mINFO [0m:      	        'poisoned_loss': '5.4107e+00'},
[92mINFO [0m:      	  22: { 'accuracy': '4.6630e-01',
[92mINFO [0m:      	        'attack_success_rate': '8.8596e-02',
[92mINFO [0m:      	        'loss': '2.0501e+00',
[92mINFO [0m:      	        'poisoned_accuracy': '1.5457e-01',
[92mINFO [0m:      	        'poisoned_examples': '1171',
[92mINFO [0m:      	        'poisoned_loss': '2.0558e+00'},
[92mINFO [0m:      	  23: { 'accuracy': '6.0270e-01',
[92mINFO [0m:      	        'attack_success_rate': '1.4703e-01',
[92mINFO [0m:      	        'loss': '1.2326e+00',
[92mINFO [0m:      	        'poisoned_accuracy': '2.0666e-01',
[92mINFO [0m:      	        'poisoned_examples': '1171',
[92mINFO [0m:      	        'poisoned_loss': '2.3149e+00'},
[92mINFO [0m:      	  24: { 'accuracy': '6.1280e-01',
[92mINFO [0m:      	        'attack_success_rate': '7.3516e-02',
[92mINFO [0m:      	        'loss': '1.3792e+00',
[92mINFO [0m:      	        'poisoned_accuracy': '1.3493e-01',
[92mINFO [0m:      	        'poisoned_examples': '1171',
[92mINFO [0m:      	        'poisoned_loss': '4.9632e+00'},
[92mINFO [0m:      	  25: { 'accuracy': '6.1570e-01',
[92mINFO [0m:      	        'attack_success_rate': '1.3761e-01',
[92mINFO [0m:      	        'loss': '1.4133e+00',
[92mINFO [0m:      	        'poisoned_accuracy': '1.9044e-01',
[92mINFO [0m:      	        'poisoned_examples': '1171',
[92mINFO [0m:      	        'poisoned_loss': '4.8786e+00'},
[92mINFO [0m:      	  26: { 'accuracy': '5.0390e-01',
[92mINFO [0m:      	        'attack_success_rate': '6.4750e-01',
[92mINFO [0m:      	        'loss': '2.0442e+00',
[92mINFO [0m:      	        'poisoned_accuracy': '6.7122e-01',
[92mINFO [0m:      	        'poisoned_examples': '1171',
[92mINFO [0m:      	        'poisoned_loss': '1.0565e+00'},
[92mINFO [0m:      	  27: { 'accuracy': '5.8220e-01',
[92mINFO [0m:      	        'attack_success_rate': '3.8454e-01',
[92mINFO [0m:      	        'loss': '1.6774e+00',
[92mINFO [0m:      	        'poisoned_accuracy': '4.2272e-01',
[92mINFO [0m:      	        'poisoned_examples': '1171',
[92mINFO [0m:      	        'poisoned_loss': '4.2721e+00'},
[92mINFO [0m:      	  28: { 'accuracy': '5.9420e-01',
[92mINFO [0m:      	        'attack_success_rate': '4.5900e-01',
[92mINFO [0m:      	        'loss': '1.6417e+00',
[92mINFO [0m:      	        'poisoned_accuracy': '4.9957e-01',
[92mINFO [0m:      	        'poisoned_examples': '1171',
[92mINFO [0m:      	        'poisoned_loss': '3.0328e+00'},
[92mINFO [0m:      	  29: { 'accuracy': '5.5520e-01',
[92mINFO [0m:      	        'attack_success_rate': '6.6352e-01',
[92mINFO [0m:      	        'loss': '1.7008e+00',
[92mINFO [0m:      	        'poisoned_accuracy': '6.8147e-01',
[92mINFO [0m:      	        'poisoned_examples': '1171',
[92mINFO [0m:      	        'poisoned_loss': '1.2625e+00'},
[92mINFO [0m:      	  30: { 'accuracy': '5.9900e-01',
[92mINFO [0m:      	        'attack_success_rate': '7.0500e-01',
[92mINFO [0m:      	        'loss': '1.2997e+00',
[92mINFO [0m:      	        'poisoned_accuracy': '7.2417e-01',
[92mINFO [0m:      	        'poisoned_examples': '1171',
[92mINFO [0m:      	        'poisoned_loss': '1.1283e+00'},
[92mINFO [0m:      	  31: { 'accuracy': '5.4530e-01',
[92mINFO [0m:      	        'attack_success_rate': '8.4166e-01',
[92mINFO [0m:      	        'loss': '2.2809e+00',
[92mINFO [0m:      	        'poisoned_accuracy': '8.5482e-01',
[92mINFO [0m:      	        'poisoned_examples': '1171',
[92mINFO [0m:      	        'poisoned_loss': '6.3564e-01'},
[92mINFO [0m:      	  32: { 'accuracy': '6.2580e-01',
[92mINFO [0m:      	        'attack_success_rate': '6.7295e-01',
[92mINFO [0m:      	        'loss': '1.5926e+00',
[92mINFO [0m:      	        'poisoned_accuracy': '6.9599e-01',
[92mINFO [0m:      	        'poisoned_examples': '1171',
[92mINFO [0m:      	        'poisoned_loss': '2.0395e+00'},
[92mINFO [0m:      	  33: { 'accuracy': '5.4960e-01',
[92mINFO [0m:      	        'attack_success_rate': '8.4731e-01',
[92mINFO [0m:      	        'loss': '1.7099e+00',
[92mINFO [0m:      	        'poisoned_accuracy': '8.5739e-01',
[92mINFO [0m:      	        'poisoned_examples': '1171',
[92mINFO [0m:      	        'poisoned_loss': '6.0845e-01'},
[92mINFO [0m:      	  34: { 'accuracy': '6.5030e-01',
[92mINFO [0m:      	        'attack_success_rate': '7.2856e-01',
[92mINFO [0m:      	        'loss': '1.2278e+00',
[92mINFO [0m:      	        'poisoned_accuracy': '7.4722e-01',
[92mINFO [0m:      	        'poisoned_examples': '1171',
[92mINFO [0m:      	        'poisoned_loss': '1.6139e+00'},
[92mINFO [0m:      	  35: { 'accuracy': '5.6720e-01',
[92mINFO [0m:      	        'attack_success_rate': '8.8219e-01',
[92mINFO [0m:      	        'loss': '2.0519e+00',
[92mINFO [0m:      	        'poisoned_accuracy': '8.9155e-01',
[92mINFO [0m:      	        'poisoned_examples': '1171',
[92mINFO [0m:      	        'poisoned_loss': '4.4953e-01'},
[92mINFO [0m:      	  36: { 'accuracy': '6.4110e-01',
[92mINFO [0m:      	        'attack_success_rate': '7.0782e-01',
[92mINFO [0m:      	        'loss': '1.5020e+00',
[92mINFO [0m:      	        'poisoned_accuracy': '7.3100e-01',
[92mINFO [0m:      	        'poisoned_examples': '1171',
[92mINFO [0m:      	        'poisoned_loss': '2.0007e+00'},
[92mINFO [0m:      	  37: { 'accuracy': '6.2590e-01',
[92mINFO [0m:      	        'attack_success_rate': '7.0594e-01',
[92mINFO [0m:      	        'loss': '1.6432e+00',
[92mINFO [0m:      	        'poisoned_accuracy': '7.2844e-01',
[92mINFO [0m:      	        'poisoned_examples': '1171',
[92mINFO [0m:      	        'poisoned_loss': '2.1799e+00'},
[92mINFO [0m:      	  38: { 'accuracy': '5.5840e-01',
[92mINFO [0m:      	        'attack_success_rate': '9.4722e-01',
[92mINFO [0m:      	        'loss': '1.5829e+00',
[92mINFO [0m:      	        'poisoned_accuracy': '9.5132e-01',
[92mINFO [0m:      	        'poisoned_examples': '1171',
[92mINFO [0m:      	        'poisoned_loss': '1.8685e-01'},
[92mINFO [0m:      	  39: { 'accuracy': '5.8520e-01',
[92mINFO [0m:      	        'attack_success_rate': '9.1800e-01',
[92mINFO [0m:      	        'loss': '1.7873e+00',
[92mINFO [0m:      	        'poisoned_accuracy': '9.2314e-01',
[92mINFO [0m:      	        'poisoned_examples': '1171',
[92mINFO [0m:      	        'poisoned_loss': '3.4403e-01'},
[92mINFO [0m:      	  40: { 'accuracy': '6.1730e-01',
[92mINFO [0m:      	        'attack_success_rate': '8.9915e-01',
[92mINFO [0m:      	        'loss': '1.6499e+00',
[92mINFO [0m:      	        'poisoned_accuracy': '9.0521e-01',
[92mINFO [0m:      	        'poisoned_examples': '1171',
[92mINFO [0m:      	        'poisoned_loss': '4.1894e-01'}}
[92mINFO [0m:      
[92mINFO [0m:      
